** Drc report for handbell.kicad_pcb **
** Created on 2026-09-07T15:43:41 **
** Report includes: Errors, Warnings **

** Found 197 DRC violations **
[hole_clearance]: Hole clearance violation (board setup constraints hole clearance 0.2500 mm; actual 0.1755 mm)
    Rule: board setup constraints hole; error
    @(103.2000 mm, 85.3900 mm): Pad A1B12 [GND] of X6 on F.Cu
    @(102.8900 mm, 84.3150 mm): NPTH pad of X6
[hole_clearance]: Hole clearance violation (board setup constraints hole clearance 0.2500 mm; actual 0.2144 mm)
    Rule: board setup constraints hole; error
    @(102.4000 mm, 85.3900 mm): Pad A4B9 [VBUS] of X6 on F.Cu
    @(102.8900 mm, 84.3150 mm): NPTH pad of X6
[hole_clearance]: Hole clearance violation (board setup constraints hole clearance 0.2500 mm; actual 0.1755 mm)
    Rule: board setup constraints hole; error
    @(96.8000 mm, 85.3900 mm): Pad B1A12 [GND] of X6 on F.Cu
    @(97.1100 mm, 84.3150 mm): NPTH pad of X6
[hole_clearance]: Hole clearance violation (board setup constraints hole clearance 0.2500 mm; actual 0.2144 mm)
    Rule: board setup constraints hole; error
    @(97.6000 mm, 85.3900 mm): Pad B4A9 [VBUS] of X6 on F.Cu
    @(97.1100 mm, 84.3150 mm): NPTH pad of X6
[silk_edge_clearance]: Silkscreen clipped by board edge
    Rule: board setup constraints silk; warning
    @(100.0000 mm, 100.0000 mm): Circle on Edge.Cuts
    @(104.4700 mm, 78.0350 mm): Segment of X6 on F.Silkscreen
[silk_edge_clearance]: Silkscreen clipped by board edge
    Rule: board setup constraints silk; warning
    @(100.0000 mm, 100.0000 mm): Circle on Edge.Cuts
    @(95.5300 mm, 79.3850 mm): Segment of X6 on F.Silkscreen
[text_height]: Text height out of range (board setup constraints silk text height min height 0.8000 mm; actual 0.6665 mm)
    Rule: board setup constraints silk text height; warning
    @(97.5820 mm, 86.0397 mm): Reference field of C1
[text_height]: Text height out of range (board setup constraints silk text height min height 0.8000 mm; actual 0.6665 mm)
    Rule: board setup constraints silk text height; warning
    @(90.0834 mm, 97.8487 mm): Reference field of C2
[text_height]: Text height out of range (board setup constraints silk text height min height 0.8000 mm; actual 0.6665 mm)
    Rule: board setup constraints silk text height; warning
    @(86.9321 mm, 94.7880 mm): Reference field of C3
[text_height]: Text height out of range (board setup constraints silk text height min height 0.8000 mm; actual 0.6665 mm)
    Rule: board setup constraints silk text height; warning
    @(91.1237 mm, 92.1445 mm): Reference field of C4
[text_height]: Text height out of range (board setup constraints silk text height min height 0.8000 mm; actual 0.6665 mm)
    Rule: board setup constraints silk text height; warning
    @(100.5438 mm, 90.0716 mm): Reference field of C5
[text_height]: Text height out of range (board setup constraints silk text height min height 0.8000 mm; actual 0.6665 mm)
    Rule: board setup constraints silk text height; warning
    @(106.5267 mm, 97.9768 mm): Reference field of C6
[text_height]: Text height out of range (board setup constraints silk text height min height 0.8000 mm; actual 0.6665 mm)
    Rule: board setup constraints silk text height; warning
    @(105.3756 mm, 99.5351 mm): Reference field of C7
[text_height]: Text height out of range (board setup constraints silk text height min height 0.8000 mm; actual 0.6665 mm)
    Rule: board setup constraints silk text height; warning
    @(105.7252 mm, 97.6944 mm): Reference field of C8
[text_height]: Text height out of range (board setup constraints silk text height min height 0.8000 mm; actual 0.6665 mm)
    Rule: board setup constraints silk text height; warning
    @(105.2263 mm, 102.0483 mm): Reference field of C9
[text_height]: Text height out of range (board setup constraints silk text height min height 0.8000 mm; actual 0.6665 mm)
    Rule: board setup constraints silk text height; warning
    @(100.8955 mm, 91.2977 mm): Reference field of C10
[text_height]: Text height out of range (board setup constraints silk text height min height 0.8000 mm; actual 0.6665 mm)
    Rule: board setup constraints silk text height; warning
    @(87.7888 mm, 104.6855 mm): Reference field of C11
[text_height]: Text height out of range (board setup constraints silk text height min height 0.8000 mm; actual 0.6665 mm)
    Rule: board setup constraints silk text height; warning
    @(94.7527 mm, 96.9462 mm): Reference field of C12
[text_height]: Text height out of range (board setup constraints silk text height min height 0.8000 mm; actual 0.6665 mm)
    Rule: board setup constraints silk text height; warning
    @(103.3876 mm, 99.2604 mm): Reference field of C13
[text_height]: Text height out of range (board setup constraints silk text height min height 0.8000 mm; actual 0.6665 mm)
    Rule: board setup constraints silk text height; warning
    @(93.4571 mm, 95.7259 mm): Reference field of C14
[text_height]: Text height out of range (board setup constraints silk text height min height 0.8000 mm; actual 0.6665 mm)
    Rule: board setup constraints silk text height; warning
    @(92.7764 mm, 93.2942 mm): Reference field of C15
[text_height]: Text height out of range (board setup constraints silk text height min height 0.8000 mm; actual 0.6665 mm)
    Rule: board setup constraints silk text height; warning
    @(110.6674 mm, 95.5535 mm): Reference field of C16
[text_height]: Text height out of range (board setup constraints silk text height min height 0.8000 mm; actual 0.6665 mm)
    Rule: board setup constraints silk text height; warning
    @(105.6340 mm, 98.9256 mm): Reference field of C17
[text_height]: Text height out of range (board setup constraints silk text height min height 0.8000 mm; actual 0.6665 mm)
    Rule: board setup constraints silk text height; warning
    @(93.0571 mm, 102.4587 mm): Reference field of C18
[text_height]: Text height out of range (board setup constraints silk text height min height 0.8000 mm; actual 0.6665 mm)
    Rule: board setup constraints silk text height; warning
    @(108.5066 mm, 91.2828 mm): Reference field of C19
[text_height]: Text height out of range (board setup constraints silk text height min height 0.8000 mm; actual 0.6665 mm)
    Rule: board setup constraints silk text height; warning
    @(104.6154 mm, 104.5065 mm): Reference field of C20
[text_height]: Text height out of range (board setup constraints silk text height min height 0.8000 mm; actual 0.6665 mm)
    Rule: board setup constraints silk text height; warning
    @(119.5730 mm, 98.2708 mm): Reference field of C21
[text_height]: Text height out of range (board setup constraints silk text height min height 0.8000 mm; actual 0.6665 mm)
    Rule: board setup constraints silk text height; warning
    @(119.5473 mm, 100.4266 mm): Reference field of C22
[text_height]: Text height out of range (board setup constraints silk text height min height 0.8000 mm; actual 0.6665 mm)
    Rule: board setup constraints silk text height; warning
    @(85.9705 mm, 99.7413 mm): Reference field of C23
[text_height]: Text height out of range (board setup constraints silk text height min height 0.8000 mm; actual 0.6665 mm)
    Rule: board setup constraints silk text height; warning
    @(84.8192 mm, 99.5240 mm): Reference field of C24
[text_height]: Text height out of range (board setup constraints silk text height min height 0.8000 mm; actual 0.6665 mm)
    Rule: board setup constraints silk text height; warning
    @(104.7800 mm, 108.7554 mm): Reference field of C25
[text_height]: Text height out of range (board setup constraints silk text height min height 0.8000 mm; actual 0.6665 mm)
    Rule: board setup constraints silk text height; warning
    @(92.9846 mm, 117.0347 mm): Reference field of C26
[text_height]: Text height out of range (board setup constraints silk text height min height 0.8000 mm; actual 0.6665 mm)
    Rule: board setup constraints silk text height; warning
    @(90.6700 mm, 112.6224 mm): Reference field of C27
[text_height]: Text height out of range (board setup constraints silk text height min height 0.8000 mm; actual 0.6665 mm)
    Rule: board setup constraints silk text height; warning
    @(93.2520 mm, 114.6702 mm): Reference field of C28
[text_height]: Text height out of range (board setup constraints silk text height min height 0.8000 mm; actual 0.6665 mm)
    Rule: board setup constraints silk text height; warning
    @(101.2900 mm, 110.0306 mm): Reference field of C29
[text_height]: Text height out of range (board setup constraints silk text height min height 0.8000 mm; actual 0.6665 mm)
    Rule: board setup constraints silk text height; warning
    @(109.0054 mm, 115.8680 mm): Reference field of CHG0
[text_height]: Text height out of range (board setup constraints silk text height min height 0.8000 mm; actual 0.6665 mm)
    Rule: board setup constraints silk text height; warning
    @(92.9129 mm, 106.8360 mm): Reference field of D3
[text_thickness]: Text thickness out of range (board setup constraints silk text thickness min thickness 0.0800 mm; actual 0.0650 mm)
    Rule: board setup constraints silk text thickness; warning
    @(92.3015 mm, 88.0141 mm): Reference field of D4
[text_height]: Text height out of range (board setup constraints silk text height min height 0.8000 mm; actual 0.7478 mm)
    Rule: board setup constraints silk text height; warning
    @(92.3015 mm, 88.0141 mm): Reference field of D4
[text_height]: Text height out of range (board setup constraints silk text height min height 0.8000 mm; actual 0.6665 mm)
    Rule: board setup constraints silk text height; warning
    @(113.4206 mm, 93.4709 mm): Reference field of FB1
[text_height]: Text height out of range (board setup constraints silk text height min height 0.8000 mm; actual 0.6665 mm)
    Rule: board setup constraints silk text height; warning
    @(118.2684 mm, 98.4516 mm): Reference field of FB2
[text_thickness]: Text thickness out of range (board setup constraints silk text thickness min thickness 0.0800 mm; actual 0.0650 mm)
    Rule: board setup constraints silk text thickness; warning
    @(89.8910 mm, 91.6565 mm): Reference field of IC4
[text_height]: Text height out of range (board setup constraints silk text height min height 0.8000 mm; actual 0.7478 mm)
    Rule: board setup constraints silk text height; warning
    @(89.8910 mm, 91.6565 mm): Reference field of IC4
[text_height]: Text height out of range (board setup constraints silk text height min height 0.8000 mm; actual 0.6665 mm)
    Rule: board setup constraints silk text height; warning
    @(89.4239 mm, 86.2477 mm): Reference field of L0
[text_height]: Text height out of range (board setup constraints silk text height min height 0.8000 mm; actual 0.6928 mm)
    Rule: board setup constraints silk text height; warning
    @(92.2604 mm, 105.6923 mm): Reference field of L1
[text_height]: Text height out of range (board setup constraints silk text height min height 0.8000 mm; actual 0.6665 mm)
    Rule: board setup constraints silk text height; warning
    @(91.0668 mm, 99.9631 mm): Reference field of Q1
[text_height]: Text height out of range (board setup constraints silk text height min height 0.8000 mm; actual 0.6665 mm)
    Rule: board setup constraints silk text height; warning
    @(81.5056 mm, 103.9521 mm): Reference field of Q2
[text_height]: Text height out of range (board setup constraints silk text height min height 0.8000 mm; actual 0.6665 mm)
    Rule: board setup constraints silk text height; warning
    @(96.2767 mm, 107.5799 mm): Reference field of R1
[text_height]: Text height out of range (board setup constraints silk text height min height 0.8000 mm; actual 0.6665 mm)
    Rule: board setup constraints silk text height; warning
    @(111.6763 mm, 112.5262 mm): Reference field of R2
[text_height]: Text height out of range (board setup constraints silk text height min height 0.8000 mm; actual 0.6665 mm)
    Rule: board setup constraints silk text height; warning
    @(84.9463 mm, 90.2140 mm): Reference field of R3
[text_height]: Text height out of range (board setup constraints silk text height min height 0.8000 mm; actual 0.6665 mm)
    Rule: board setup constraints silk text height; warning
    @(98.2643 mm, 89.1829 mm): Reference field of R4
[text_height]: Text height out of range (board setup constraints silk text height min height 0.8000 mm; actual 0.6665 mm)
    Rule: board setup constraints silk text height; warning
    @(93.4611 mm, 95.4264 mm): Reference field of R5
[text_height]: Text height out of range (board setup constraints silk text height min height 0.8000 mm; actual 0.6665 mm)
    Rule: board setup constraints silk text height; warning
    @(88.2604 mm, 95.4035 mm): Reference field of R6
[text_height]: Text height out of range (board setup constraints silk text height min height 0.8000 mm; actual 0.6665 mm)
    Rule: board setup constraints silk text height; warning
    @(84.4818 mm, 92.0846 mm): Reference field of R7
[text_height]: Text height out of range (board setup constraints silk text height min height 0.8000 mm; actual 0.6665 mm)
    Rule: board setup constraints silk text height; warning
    @(97.8531 mm, 106.4766 mm): Reference field of R8
[text_height]: Text height out of range (board setup constraints silk text height min height 0.8000 mm; actual 0.6665 mm)
    Rule: board setup constraints silk text height; warning
    @(105.3760 mm, 83.6133 mm): Reference field of R9
[text_height]: Text height out of range (board setup constraints silk text height min height 0.8000 mm; actual 0.6665 mm)
    Rule: board setup constraints silk text height; warning
    @(105.4697 mm, 87.0230 mm): Reference field of R10
[text_height]: Text height out of range (board setup constraints silk text height min height 0.8000 mm; actual 0.6665 mm)
    Rule: board setup constraints silk text height; warning
    @(96.1307 mm, 105.6642 mm): Reference field of R11
[text_height]: Text height out of range (board setup constraints silk text height min height 0.8000 mm; actual 0.6665 mm)
    Rule: board setup constraints silk text height; warning
    @(106.9901 mm, 87.9873 mm): Reference field of R12
[text_height]: Text height out of range (board setup constraints silk text height min height 0.8000 mm; actual 0.6665 mm)
    Rule: board setup constraints silk text height; warning
    @(109.1149 mm, 83.5953 mm): Reference field of R13
[text_height]: Text height out of range (board setup constraints silk text height min height 0.8000 mm; actual 0.6665 mm)
    Rule: board setup constraints silk text height; warning
    @(81.8161 mm, 96.8890 mm): Reference field of R14
[text_height]: Text height out of range (board setup constraints silk text height min height 0.8000 mm; actual 0.6665 mm)
    Rule: board setup constraints silk text height; warning
    @(84.1073 mm, 94.2999 mm): Reference field of R15
[text_height]: Text height out of range (board setup constraints silk text height min height 0.8000 mm; actual 0.6665 mm)
    Rule: board setup constraints silk text height; warning
    @(83.1663 mm, 103.9093 mm): Reference field of R16
[text_height]: Text height out of range (board setup constraints silk text height min height 0.8000 mm; actual 0.6665 mm)
    Rule: board setup constraints silk text height; warning
    @(84.2775 mm, 109.6426 mm): Reference field of R17
[text_height]: Text height out of range (board setup constraints silk text height min height 0.8000 mm; actual 0.6665 mm)
    Rule: board setup constraints silk text height; warning
    @(115.2980 mm, 89.4786 mm): Reference field of R18
[text_height]: Text height out of range (board setup constraints silk text height min height 0.8000 mm; actual 0.6665 mm)
    Rule: board setup constraints silk text height; warning
    @(109.2614 mm, 97.6900 mm): Reference field of R20
[text_height]: Text height out of range (board setup constraints silk text height min height 0.8000 mm; actual 0.6665 mm)
    Rule: board setup constraints silk text height; warning
    @(103.6586 mm, 105.9425 mm): Reference field of R21
[text_height]: Text height out of range (board setup constraints silk text height min height 0.8000 mm; actual 0.6665 mm)
    Rule: board setup constraints silk text height; warning
    @(106.8318 mm, 111.0608 mm): Reference field of R22
[text_height]: Text height out of range (board setup constraints silk text height min height 0.8000 mm; actual 0.6665 mm)
    Rule: board setup constraints silk text height; warning
    @(92.0513 mm, 115.7690 mm): Reference field of R23
[text_height]: Text height out of range (board setup constraints silk text height min height 0.8000 mm; actual 0.6665 mm)
    Rule: board setup constraints silk text height; warning
    @(94.8957 mm, 107.3604 mm): Reference field of R24
[text_thickness]: Text thickness out of range (board setup constraints silk text thickness min thickness 0.0800 mm; actual 0.0488 mm)
    Rule: board setup constraints silk text thickness; warning
    @(103.6777 mm, 88.8034 mm): Reference field of U1
[text_height]: Text height out of range (board setup constraints silk text height min height 0.8000 mm; actual 0.3576 mm)
    Rule: board setup constraints silk text height; warning
    @(103.6777 mm, 88.8034 mm): Reference field of U1
[text_height]: Text height out of range (board setup constraints silk text height min height 0.8000 mm; actual 0.6665 mm)
    Rule: board setup constraints silk text height; warning
    @(92.1865 mm, 89.1009 mm): Reference field of U2
[text_height]: Text height out of range (board setup constraints silk text height min height 0.8000 mm; actual 0.6665 mm)
    Rule: board setup constraints silk text height; warning
    @(97.5885 mm, 108.0386 mm): Reference field of U3
[text_height]: Text height out of range (board setup constraints silk text height min height 0.8000 mm; actual 0.6665 mm)
    Rule: board setup constraints silk text height; warning
    @(114.1620 mm, 95.6165 mm): Reference field of U4
[text_height]: Text height out of range (board setup constraints silk text height min height 0.8000 mm; actual 0.6665 mm)
    Rule: board setup constraints silk text height; warning
    @(105.5381 mm, 112.4609 mm): Reference field of X1
[text_height]: Text height out of range (board setup constraints silk text height min height 0.8000 mm; actual 0.6665 mm)
    Rule: board setup constraints silk text height; warning
    @(102.7500 mm, 78.2850 mm): Reference field of X6
[text_height]: Text height out of range (board setup constraints silk text height min height 0.8000 mm; actual 0.6665 mm)
    Rule: board setup constraints silk text height; warning
    @(86.1860 mm, 100.1059 mm): Reference field of Y1
[silk_overlap]: Silkscreen clearance
    Rule: board setup constraints silk; warning
    @(106.5267 mm, 97.9768 mm): Reference field of C6
    @(105.7252 mm, 97.6944 mm): Reference field of C8
[silk_overlap]: Silkscreen clearance
    Rule: board setup constraints silk; warning
    @(110.5386 mm, 91.9178 mm): Segment of C19 on F.Silkscreen
    @(108.5066 mm, 91.2828 mm): Reference field of C19
[silk_overlap]: Silkscreen clearance
    Rule: board setup constraints silk; warning
    @(112.8936 mm, 95.2489 mm): Segment of FB1 on F.Silkscreen
    @(114.1620 mm, 95.6165 mm): Reference field of U4
[silk_overlap]: Silkscreen clearance
    Rule: board setup constraints silk; warning
    @(105.3756 mm, 99.5351 mm): Reference field of C7
    @(105.6340 mm, 98.9256 mm): Reference field of C17
[silk_overlap]: Silkscreen clearance
    Rule: board setup constraints silk; warning
    @(105.3756 mm, 99.5351 mm): Reference field of C7
    @(106.6777 mm, 98.2343 mm): Segment of C8 on F.Silkscreen
[silk_overlap]: Silkscreen clearance
    Rule: board setup constraints silk; warning
    @(106.6777 mm, 98.2343 mm): Segment of C8 on F.Silkscreen
    @(105.6340 mm, 98.9256 mm): Reference field of C17
[silk_overlap]: Silkscreen clearance
    Rule: board setup constraints silk; warning
    @(103.3876 mm, 99.2604 mm): Reference field of C13
    @(104.4231 mm, 98.9952 mm): Segment of C7 on F.Silkscreen
[silk_overlap]: Silkscreen clearance
    Rule: board setup constraints silk; warning
    @(104.6154 mm, 104.5065 mm): Reference field of C20
    @(104.9720 mm, 102.8568 mm): Reference field of Q4
[silk_overlap]: Silkscreen clearance
    Rule: board setup constraints silk; warning
    @(101.2900 mm, 110.0306 mm): Reference field of C29
    @(101.2165 mm, 108.8386 mm): Segment of U3 on F.Silkscreen
[silk_overlap]: Silkscreen clearance
    Rule: board setup constraints silk; warning
    @(111.4941 mm, 111.8699 mm): Segment of J2 on F.Silkscreen
    @(111.6763 mm, 112.5262 mm): Reference field of R2
[silk_overlap]: Silkscreen clearance
    Rule: board setup constraints silk; warning
    @(92.2604 mm, 105.6923 mm): Reference field of L1
    @(92.1644 mm, 105.7883 mm): Segment of L1 on F.Silkscreen
[silk_overlap]: Silkscreen clearance
    Rule: board setup constraints silk; warning
    @(95.2840 mm, 115.3052 mm): Segment of C28 on F.Silkscreen
    @(93.2520 mm, 114.6702 mm): Reference field of C28
[silk_overlap]: Silkscreen clearance
    Rule: board setup constraints silk; warning
    @(118.2684 mm, 98.4516 mm): Reference field of FB2
    @(119.5730 mm, 98.2708 mm): Reference field of C21
[silk_overlap]: Silkscreen clearance
    Rule: board setup constraints silk; warning
    @(119.0331 mm, 99.2233 mm): Segment of C21 on F.Silkscreen
    @(119.5473 mm, 100.4266 mm): Reference field of C22
[silk_overlap]: Silkscreen clearance
    Rule: board setup constraints silk; warning
    @(96.9470 mm, 88.0717 mm): Segment of C1 on F.Silkscreen
    @(98.2643 mm, 89.1829 mm): Reference field of R4
[silk_overlap]: Silkscreen clearance
    Rule: board setup constraints silk; warning
    @(100.8955 mm, 91.2977 mm): Reference field of C10
    @(102.3777 mm, 93.0034 mm): Segment of U1 on F.Silkscreen
[silk_overlap]: Silkscreen clearance
    Rule: board setup constraints silk; warning
    @(85.3591 mm, 98.5715 mm): Segment of C24 on F.Silkscreen
    @(85.9705 mm, 99.7413 mm): Reference field of C23
[silk_overlap]: Silkscreen clearance
    Rule: board setup constraints silk; warning
    @(86.1860 mm, 100.1059 mm): Reference field of Y1
    @(85.9705 mm, 99.7413 mm): Reference field of C23
[silk_overlap]: Silkscreen clearance
    Rule: board setup constraints silk; warning
    @(88.2604 mm, 95.4035 mm): Reference field of R6
    @(89.7880 mm, 95.3075 mm): Segment of IC4 on F.Silkscreen
[silk_overlap]: Silkscreen clearance
    Rule: board setup constraints silk; warning
    @(83.9419 mm, 93.0371 mm): Segment of R7 on F.Silkscreen
    @(84.1073 mm, 94.2999 mm): Reference field of R15
[silk_overlap]: Silkscreen clearance
    Rule: board setup constraints silk; warning
    @(95.5000 mm, 95.0000 mm): Segment of IC1 on F.Silkscreen
    @(93.4571 mm, 95.7259 mm): Reference field of C14
[silk_overlap]: Silkscreen clearance
    Rule: board setup constraints silk; warning
    @(93.5129 mm, 105.3860 mm): Segment of D3 on F.Silkscreen
    @(94.8957 mm, 107.3604 mm): Reference field of R24
[silk_overlap]: Silkscreen clearance
    Rule: board setup constraints silk; warning
    @(92.9129 mm, 106.8360 mm): Reference field of D3
    @(92.1644 mm, 105.7883 mm): Segment of L1 on F.Silkscreen
[silk_overlap]: Silkscreen clearance
    Rule: board setup constraints silk; warning
    @(92.2604 mm, 105.6923 mm): Reference field of L1
    @(92.9129 mm, 106.8360 mm): Reference field of D3
[silk_overlap]: Silkscreen clearance
    Rule: board setup constraints silk; warning
    @(92.9129 mm, 106.8360 mm): Reference field of D3
    @(86.6644 mm, 105.7883 mm): Segment of L1 on F.Silkscreen
[silk_overlap]: Silkscreen clearance
    Rule: board setup constraints silk; warning
    @(94.3129 mm, 105.3860 mm): Segment of D3 on F.Silkscreen
    @(94.8957 mm, 107.3604 mm): Reference field of R24
[silk_overlap]: Silkscreen clearance
    Rule: board setup constraints silk; warning
    @(94.4129 mm, 106.1860 mm): Polygon of D3 on F.Silkscreen
    @(94.8957 mm, 107.3604 mm): Reference field of R24
[silk_overlap]: Silkscreen clearance
    Rule: board setup constraints silk; warning
    @(94.8957 mm, 107.3604 mm): Reference field of R24
    @(94.6129 mm, 104.7360 mm): Segment of D3 on F.Silkscreen
[silk_overlap]: Silkscreen clearance
    Rule: board setup constraints silk; warning
    @(94.8957 mm, 107.3604 mm): Reference field of R24
    @(94.3027 mm, 105.4344 mm): Polygon of D3 on F.Silkscreen
[silk_overlap]: Silkscreen clearance
    Rule: board setup constraints silk; warning
    @(95.4356 mm, 106.4079 mm): Segment of R24 on F.Silkscreen
    @(96.2767 mm, 107.5799 mm): Reference field of R1
[silk_overlap]: Silkscreen clearance
    Rule: board setup constraints silk; warning
    @(92.5145 mm, 89.9009 mm): Segment of U2 on F.Silkscreen
    @(92.1865 mm, 89.1009 mm): Reference field of U2
[silk_overlap]: Silkscreen clearance
    Rule: board setup constraints silk; warning
    @(89.9150 mm, 91.4975 mm): Footprint text of IC4 (.)
    @(89.8910 mm, 91.6565 mm): Reference field of IC4
[silk_overlap]: Silkscreen clearance
    Rule: board setup constraints silk; warning
    @(89.4239 mm, 86.2477 mm): Reference field of L0
    @(91.8669 mm, 85.9674 mm): Reference field of Q3
[silk_overlap]: Silkscreen clearance
    Rule: board setup constraints silk; warning
    @(81.5056 mm, 103.9521 mm): Reference field of Q2
    @(82.1660 mm, 103.7195 mm): Segment of Q2 on F.Silkscreen
[silk_overlap]: Silkscreen clearance
    Rule: board setup constraints silk; warning
    @(97.5885 mm, 108.0386 mm): Reference field of U3
    @(97.9165 mm, 108.8386 mm): Segment of U3 on F.Silkscreen
[silk_overlap]: Silkscreen clearance
    Rule: board setup constraints silk; warning
    @(106.9901 mm, 87.9873 mm): Reference field of R12
    @(106.0096 mm, 86.0705 mm): Segment of R10 on F.Silkscreen
[silk_over_copper]: Silkscreen clipped by solder mask
    Local override; warning
    @(108.5066 mm, 91.2828 mm): Reference field of C19
    @(109.5886 mm, 91.4098 mm): Pad 2 [GND] of C19 on F.Cu
[silk_over_copper]: Silkscreen clipped by solder mask
    Local override; warning
    @(114.1620 mm, 95.6165 mm): Reference field of U4
    @(113.2936 mm, 94.3989 mm): Pad 2 [VO+] of FB1 on F.Cu
[silk_over_copper]: Silkscreen clipped by solder mask
    Local override; warning
    @(105.6340 mm, 98.9256 mm): Reference field of C17
    @(107.1857 mm, 98.4883 mm): Pad 2 [GND] of C8 on F.Cu
[silk_over_copper]: Silkscreen clipped by solder mask
    Local override; warning
    @(105.3756 mm, 99.5351 mm): Reference field of C7
    @(106.0785 mm, 99.7195 mm): Pad 1 [+3V3] of C17 on F.Cu
[silk_over_copper]: Silkscreen clipped by solder mask
    Local override; warning
    @(105.3756 mm, 99.5351 mm): Reference field of C7
    @(106.1697 mm, 98.4883 mm): Pad 1 [VCORE] of C8 on F.Cu
[silk_over_copper]: Silkscreen clipped by solder mask
    Local override; warning
    @(105.7252 mm, 97.6944 mm): Reference field of C8
    @(106.0822 mm, 97.1829 mm): Pad 1 [GND] of C6 on F.Cu
[silk_over_copper]: Silkscreen clipped by solder mask
    Local override; warning
    @(105.6340 mm, 98.9256 mm): Reference field of C17
    @(106.1697 mm, 98.4883 mm): Pad 1 [VCORE] of C8 on F.Cu
[silk_over_copper]: Silkscreen clipped by solder mask
    Local override; warning
    @(103.3876 mm, 99.2604 mm): Reference field of C13
    @(103.9151 mm, 98.7412 mm): Pad 2 [VCORE] of C7 on F.Cu
[silk_over_copper]: Silkscreen clipped by solder mask
    Local override; warning
    @(103.3876 mm, 99.2604 mm): Reference field of C13
    @(104.9311 mm, 98.7412 mm): Pad 1 [GND] of C7 on F.Cu
[silk_over_copper]: Silkscreen clipped by solder mask
    Local override; warning
    @(104.7800 mm, 108.7554 mm): Reference field of C25
    @(104.4884 mm, 107.4885 mm): Pad 1 [VBAT] of C20 on F.Cu
[silk_over_copper]: Silkscreen clipped by solder mask
    Local override; warning
    @(105.5381 mm, 112.4609 mm): Reference field of X1
    @(105.0696 mm, 111.2834 mm): Pad NC1 [GND] of X1 on F.Cu
[silk_over_copper]: Silkscreen clipped by solder mask
    Local override; warning
    @(101.2900 mm, 110.0306 mm): Reference field of C29
    @(100.5165 mm, 109.3387 mm): Pad 5 [Net-(U3-PROG)] of U3 on F.Cu
[silk_over_copper]: Silkscreen clipped by solder mask
    Local override; warning
    @(90.6700 mm, 112.6224 mm): Reference field of C27
    @(91.7520 mm, 112.7494 mm): Pad 2 [GND] of C27 on F.Cu
[silk_over_copper]: Silkscreen clipped by solder mask
    Local override; warning
    @(93.2520 mm, 114.6702 mm): Reference field of C28
    @(94.3340 mm, 114.7972 mm): Pad 2 [GND] of C28 on F.Cu
[silk_over_copper]: Silkscreen clipped by solder mask
    Local override; warning
    @(119.5473 mm, 100.4266 mm): Reference field of C22
    @(118.7791 mm, 99.7313 mm): Pad 2 [GND] of C21 on F.Cu
[silk_over_copper]: Silkscreen clipped by solder mask
    Local override; warning
    @(119.5473 mm, 100.4266 mm): Reference field of C22
    @(118.7791 mm, 98.7153 mm): Pad 1 [VO-] of C21 on F.Cu
[silk_over_copper]: Silkscreen clipped by solder mask
    Local override; warning
    @(118.2684 mm, 98.4516 mm): Reference field of FB2
    @(118.7791 mm, 98.7153 mm): Pad 1 [VO-] of C21 on F.Cu
[silk_over_copper]: Silkscreen clipped by solder mask
    Local override; warning
    @(100.5438 mm, 90.0716 mm): Reference field of C5
    @(100.6708 mm, 88.9896 mm): Pad 2 [GND] of C5 on F.Cu
[silk_over_copper]: Silkscreen clipped by solder mask
    Local override; warning
    @(98.2643 mm, 89.1829 mm): Reference field of R4
    @(97.4550 mm, 89.0217 mm): Pad 1 [VHI] of C1 on F.Cu
[silk_over_copper]: Silkscreen clipped by solder mask
    Local override; warning
    @(100.8955 mm, 91.2977 mm): Reference field of C10
    @(102.5277 mm, 91.4034 mm): Pad 3 [QSPI_DATA[2]] of U1 on F.Cu
[silk_over_copper]: Silkscreen clipped by solder mask
    Local override; warning
    @(102.3777 mm, 93.0034 mm): Segment of U1 on F.Silkscreen
    @(102.5277 mm, 89.8034 mm): Pad 1 [QSPI_CS] of U1 on F.Cu
[silk_over_copper]: Silkscreen clipped by solder mask
    Local override; warning
    @(102.3777 mm, 93.0034 mm): Segment of U1 on F.Silkscreen
    @(102.5277 mm, 90.6034 mm): Pad 2 [QSPI_DATA[1]] of U1 on F.Cu
[silk_over_copper]: Silkscreen clipped by solder mask
    Local override; warning
    @(102.3777 mm, 93.0034 mm): Segment of U1 on F.Silkscreen
    @(102.5277 mm, 91.4034 mm): Pad 3 [QSPI_DATA[2]] of U1 on F.Cu
[silk_over_copper]: Silkscreen clipped by solder mask
    Local override; warning
    @(102.3777 mm, 93.0034 mm): Segment of U1 on F.Silkscreen
    @(102.5277 mm, 92.2034 mm): Pad 4 [GND] of U1 on F.Cu
[silk_over_copper]: Silkscreen clipped by solder mask
    Local override; warning
    @(106.3777 mm, 89.0034 mm): Segment of U1 on F.Silkscreen
    @(106.2277 mm, 89.8034 mm): Pad 8 [+3V3] of U1 on F.Cu
[silk_over_copper]: Silkscreen clipped by solder mask
    Local override; warning
    @(106.3777 mm, 89.0034 mm): Segment of U1 on F.Silkscreen
    @(106.2277 mm, 92.2034 mm): Pad 5 [QSPI_DATA[0]] of U1 on F.Cu
[silk_over_copper]: Silkscreen clipped by solder mask
    Local override; warning
    @(106.3777 mm, 89.0034 mm): Segment of U1 on F.Silkscreen
    @(106.2277 mm, 91.4034 mm): Pad 6 [QSPI_SCK] of U1 on F.Cu
[silk_over_copper]: Silkscreen clipped by solder mask
    Local override; warning
    @(106.3777 mm, 89.0034 mm): Segment of U1 on F.Silkscreen
    @(106.2277 mm, 90.6034 mm): Pad 7 [QSPI_DATA[3]] of U1 on F.Cu
[silk_over_copper]: Silkscreen clipped by solder mask
    Local override; warning
    @(100.8955 mm, 91.2977 mm): Reference field of C10
    @(102.5277 mm, 90.6034 mm): Pad 2 [QSPI_DATA[1]] of U1 on F.Cu
[silk_over_copper]: Silkscreen clipped by solder mask
    Local override; warning
    @(93.4611 mm, 95.4264 mm): Reference field of R5
    @(93.0126 mm, 94.9320 mm): Pad 1 [+3V3] of C14 on F.Cu
[silk_over_copper]: Silkscreen clipped by solder mask
    Local override; warning
    @(92.7764 mm, 93.2942 mm): Reference field of C15
    @(91.2507 mm, 91.0625 mm): Pad 2 [GND] of C4 on F.Cu
[silk_over_copper]: Silkscreen clipped by solder mask
    Local override; warning
    @(85.9705 mm, 99.7413 mm): Reference field of C23
    @(85.6131 mm, 98.0635 mm): Pad 2 [GND] of C24 on F.Cu
[silk_over_copper]: Silkscreen clipped by solder mask
    Local override; warning
    @(85.9705 mm, 99.7413 mm): Reference field of C23
    @(85.6131 mm, 99.0795 mm): Pad 1 [+3V3] of C24 on F.Cu
[silk_over_copper]: Silkscreen clipped by solder mask
    Local override; warning
    @(86.1860 mm, 100.1059 mm): Reference field of Y1
    @(85.6131 mm, 99.0795 mm): Pad 1 [+3V3] of C24 on F.Cu
[silk_over_copper]: Silkscreen clipped by solder mask
    Local override; warning
    @(88.2604 mm, 95.4035 mm): Reference field of R6
    @(89.1410 mm, 94.8190 mm): Pad 11 [unconnected-(IC4-SDO_AUX-Pad11)] of IC4 on F.Cu
[silk_over_copper]: Silkscreen clipped by solder mask
    Local override; warning
    @(88.2604 mm, 95.4035 mm): Reference field of R6
    @(88.6410 mm, 94.8190 mm): Pad 10 [unconnected-(IC4-OCS_AUX-Pad10)] of IC4 on F.Cu
[silk_over_copper]: Silkscreen clipped by solder mask
    Local override; warning
    @(84.1073 mm, 94.2999 mm): Reference field of R15
    @(83.6879 mm, 92.5291 mm): Pad 1 [D13] of R7 on F.Cu
[silk_over_copper]: Silkscreen clipped by solder mask
    Local override; warning
    @(84.1073 mm, 94.2999 mm): Reference field of R15
    @(83.6879 mm, 93.5451 mm): Pad 2 [Net-(L0-PadA)] of R7 on F.Cu
[silk_over_copper]: Silkscreen clipped by solder mask
    Local override; warning
    @(94.7527 mm, 96.9462 mm): Reference field of C12
    @(95.5500 mm, 96.7000 mm): Pad 17 [unconnected-(IC1-GPIO14-Pad17)] of IC1 on F.Cu
[silk_over_copper]: Silkscreen clipped by solder mask
    Local override; warning
    @(94.7527 mm, 96.9462 mm): Reference field of C12
    @(95.5500 mm, 96.3000 mm): Pad 16 [D13] of IC1 on F.Cu
[silk_over_copper]: Silkscreen clipped by solder mask
    Local override; warning
    @(93.4571 mm, 95.7259 mm): Reference field of C14
    @(94.2550 mm, 94.9819 mm): Pad 1 [QSPI_CS] of R5 on F.Cu
[silk_over_copper]: Silkscreen clipped by solder mask
    Local override; warning
    @(94.8957 mm, 107.3604 mm): Reference field of R24
    @(93.9129 mm, 106.8060 mm): Pad C [USBBOOT] of D3 on F.Cu
[silk_over_copper]: Silkscreen clipped by solder mask
    Local override; warning
    @(97.5820 mm, 86.0397 mm): Reference field of C1
    @(97.6000 mm, 85.3900 mm): Pad B4A9 [VBUS] of X6 on F.Cu
[silk_over_copper]: Silkscreen clipped by solder mask
    Local override; warning
    @(97.5820 mm, 86.0397 mm): Reference field of C1
    @(96.8000 mm, 85.3900 mm): Pad B1A12 [GND] of X6 on F.Cu
[silk_over_copper]: Silkscreen clipped by solder mask
    Local override; warning
    @(92.3015 mm, 88.0141 mm): Reference field of D4
    @(93.2145 mm, 87.8008 mm): Pad 3 [EN] of U2 on F.Cu
[silk_over_copper]: Silkscreen clipped by solder mask
    Local override; warning
    @(92.1865 mm, 89.1009 mm): Reference field of U2
    @(93.2145 mm, 87.8008 mm): Pad 3 [EN] of U2 on F.Cu
[silk_over_copper]: Silkscreen clipped by solder mask
    Local override; warning
    @(91.1237 mm, 92.1445 mm): Reference field of C4
    @(91.2507 mm, 91.0625 mm): Pad 2 [GND] of C4 on F.Cu
[silk_over_copper]: Silkscreen clipped by solder mask
    Local override; warning
    @(91.3515 mm, 86.4641 mm): Segment of D4 on F.Silkscreen
    @(91.5015 mm, 87.1141 mm): Pad A [VBUS] of D4 on F.Cu
[silk_over_copper]: Silkscreen clipped by solder mask
    Local override; warning
    @(89.6515 mm, 87.7641 mm): Segment of D4 on F.Silkscreen
    @(89.5015 mm, 87.1141 mm): Pad C [VHI] of D4 on F.Cu
[silk_over_copper]: Silkscreen clipped by solder mask
    Local override; warning
    @(86.1860 mm, 100.1059 mm): Reference field of Y1
    @(85.1766 mm, 100.1858 mm): Pad 1 [+3V3] of C23 on F.Cu
[silk_over_copper]: Silkscreen clipped by solder mask
    Local override; warning
    @(81.5056 mm, 103.9521 mm): Reference field of Q2
    @(80.5056 mm, 102.9971 mm): Pad 2 [GND] of Q2 on F.Cu
[silk_over_copper]: Silkscreen clipped by solder mask
    Local override; warning
    @(83.1663 mm, 103.9093 mm): Reference field of R16
    @(82.5056 mm, 102.0471 mm): Pad 3 [~{ENABLE}] of Q2 on F.Cu
[silk_over_copper]: Silkscreen clipped by solder mask
    Local override; warning
    @(99.0000 mm, 98.5000 mm): Reference field of IC1
    @(99.0000 mm, 98.5000 mm): Pad P$1 [GND] of IC1 on F.Cu
[silk_over_copper]: Silkscreen clipped by solder mask
    Local override; warning
    @(96.2767 mm, 107.5799 mm): Reference field of R1
    @(95.6896 mm, 106.9159 mm): Pad 1 [BOOST_FB] of R24 on F.Cu
[silk_over_copper]: Silkscreen clipped by solder mask
    Local override; warning
    @(93.0124 mm, 109.9165 mm): Segment of U5 on F.Silkscreen
    @(94.3124 mm, 109.8815 mm): Pad 1 [BOOST_FB] of U5 on F.Cu
[silk_over_copper]: Silkscreen clipped by solder mask
    Local override; warning
    @(93.0124 mm, 109.9165 mm): Segment of U5 on F.Silkscreen
    @(93.8124 mm, 109.8815 mm): Pad 2 [POWER] of U5 on F.Cu
[silk_over_copper]: Silkscreen clipped by solder mask
    Local override; warning
    @(93.0124 mm, 109.9165 mm): Segment of U5 on F.Silkscreen
    @(93.3124 mm, 109.8815 mm): Pad 3 [V+] of U5 on F.Cu
[silk_over_copper]: Silkscreen clipped by solder mask
    Local override; warning
    @(94.6124 mm, 111.1165 mm): Segment of U5 on F.Silkscreen
    @(93.3124 mm, 111.1515 mm): Pad 4 [GND] of U5 on F.Cu
[silk_over_copper]: Silkscreen clipped by solder mask
    Local override; warning
    @(94.6124 mm, 111.1165 mm): Segment of U5 on F.Silkscreen
    @(93.8124 mm, 111.1515 mm): Pad 5 [BOOST_SW] of U5 on F.Cu
[silk_over_copper]: Silkscreen clipped by solder mask
    Local override; warning
    @(94.6124 mm, 111.1165 mm): Segment of U5 on F.Silkscreen
    @(94.3124 mm, 111.1515 mm): Pad 6 [VAMP] of U5 on F.Cu
[silk_over_copper]: Silkscreen clipped by solder mask
    Local override; warning
    @(97.8531 mm, 106.4766 mm): Reference field of R8
    @(96.9246 mm, 105.2197 mm): Pad 1 [QSPI_CS] of R11 on F.Cu
[silk_over_copper]: Silkscreen clipped by solder mask
    Local override; warning
    @(106.8318 mm, 111.0608 mm): Reference field of R22
    @(106.2405 mm, 109.5493 mm): Pad 2 [GND] of C25 on F.Cu
[silk_over_copper]: Silkscreen clipped by solder mask
    Local override; warning
    @(106.8318 mm, 111.0608 mm): Reference field of R22
    @(105.0696 mm, 111.2834 mm): Pad NC1 [GND] of X1 on F.Cu
[silk_over_copper]: Silkscreen clipped by solder mask
    Local override; warning
    @(97.5885 mm, 108.0386 mm): Reference field of U3
    @(98.6165 mm, 106.7385 mm): Pad 3 [Net-(U3-VBAT)] of U3 on F.Cu
[silk_over_copper]: Silkscreen clipped by solder mask
    Local override; warning
    @(105.4697 mm, 87.0230 mm): Reference field of R10
    @(104.3200 mm, 84.8150 mm): PTH pad M1 [<no net>] of X6
[silk_over_copper]: Silkscreen clipped by solder mask
    Local override; warning
    @(106.9901 mm, 87.9873 mm): Reference field of R12
    @(106.2636 mm, 86.5785 mm): Pad 1 [USB_D+] of R10 on F.Cu
[silk_overlap]: Silkscreen clearance
    Rule: board setup constraints silk; warning
    @(91.8650 mm, 96.0160 mm): Reference field of D+1
    @(89.4000 mm, 96.0000 mm): Segment of CHG_EN0 on B.Silkscreen
[silk_over_copper]: Silkscreen clipped by solder mask
    Local override; warning
    @(91.8650 mm, 96.0160 mm): Reference field of D+1
    @(88.6500 mm, 95.0000 mm): Pad 2 [VBAT] of CHG_EN0 on B.Cu
[silk_over_copper]: Silkscreen clipped by solder mask
    Local override; warning
    @(88.0000 mm, 105.0000 mm): Reference field of TP4
    @(88.0000 mm, 105.0000 mm): Pad P$1 [SWCLK] of TP4 on B.Cu
[silk_over_copper]: Silkscreen clipped by solder mask
    Local override; warning
    @(92.5000 mm, 105.0000 mm): Reference field of TP5
    @(92.5000 mm, 105.0000 mm): Pad P$1 [SWDIO] of TP5 on B.Cu
[silk_over_copper]: Silkscreen clipped by solder mask
    Local override; warning
    @(88.0000 mm, 100.0000 mm): Reference field of TP12
    @(88.0000 mm, 100.0000 mm): Pad P$1 [I2S_DIN] of TP12 on B.Cu
[silk_over_copper]: Silkscreen clipped by solder mask
    Local override; warning
    @(92.5000 mm, 100.0000 mm): Reference field of TP13
    @(92.5000 mm, 100.0000 mm): Pad P$1 [I2S_BCLK] of TP13 on B.Cu
[silk_over_copper]: Silkscreen clipped by solder mask
    Local override; warning
    @(96.3650 mm, 96.0160 mm): Reference field of D-1
    @(92.5000 mm, 95.0000 mm): Pad TP [USB_D+] of D+1 on B.Cu
[silk_over_copper]: Silkscreen clipped by solder mask
    Local override; warning
    @(97.0000 mm, 100.0000 mm): Reference field of TP14
    @(97.0000 mm, 100.0000 mm): Pad P$1 [I2S_LRCLK] of TP14 on B.Cu
[silk_over_copper]: Silkscreen clipped by solder mask
    Local override; warning
    @(97.0000 mm, 105.0000 mm): Reference field of TP6
    @(97.0000 mm, 105.0000 mm): Pad P$1 [/IMU_INT2] of TP6 on B.Cu
[silk_over_copper]: Silkscreen clipped by solder mask
    Local override; warning
    @(101.5000 mm, 105.0000 mm): Reference field of TP7
    @(101.5000 mm, 105.0000 mm): Pad P$1 [~{RESET}] of TP7 on B.Cu
[silk_over_copper]: Silkscreen clipped by solder mask
    Local override; warning
    @(101.5000 mm, 100.0000 mm): Reference field of TP15
    @(101.5000 mm, 100.0000 mm): Pad P$1 [AMP_MUTE] of TP15 on B.Cu
[silk_over_copper]: Silkscreen clipped by solder mask
    Local override; warning
    @(110.5000 mm, 100.0000 mm): Reference field of TP3
    @(110.5000 mm, 100.0000 mm): Pad P$1 [USBBOOT] of TP3 on B.Cu
[silk_over_copper]: Silkscreen clipped by solder mask
    Local override; warning
    @(106.0000 mm, 100.0000 mm): Reference field of TP16
    @(106.0000 mm, 100.0000 mm): Pad P$1 [POWER] of TP16 on B.Cu
[silk_over_copper]: Silkscreen clipped by solder mask
    Local override; warning
    @(106.0000 mm, 105.0000 mm): Reference field of TP8
    @(106.0000 mm, 105.0000 mm): Pad P$1 [GND] of TP8 on B.Cu
[silk_over_copper]: Silkscreen clipped by solder mask
    Local override; warning
    @(110.5000 mm, 105.0000 mm): Reference field of TP9
    @(110.5000 mm, 105.0000 mm): Pad P$1 [+3V3] of TP9 on B.Cu
[silk_over_copper]: Silkscreen clipped by solder mask
    Local override; warning
    @(106.0000 mm, 95.0000 mm): Reference field of TP10
    @(106.0000 mm, 95.0000 mm): Pad P$1 [VAMP] of TP10 on B.Cu
[silk_over_copper]: Silkscreen clipped by solder mask
    Local override; warning
    @(110.5000 mm, 95.0000 mm): Reference field of TP11
    @(110.5000 mm, 95.0000 mm): Pad P$1 [VBAT] of TP11 on B.Cu

** Found 203 unconnected pads **
[unconnected_items]: Missing connection between items
    Local override; error
    @(83.9602 mm, 102.4488 mm): Pad 2 [VHI] of R16 on F.Cu
    @(92.0668 mm, 100.9181 mm): Pad 2 [VHI] of Q1 on F.Cu
[unconnected_items]: Missing connection between items
    Local override; error
    @(86.4068 mm, 91.0079 mm): Pad 2 [VHI] of R3 on F.Cu
    @(92.0668 mm, 100.9181 mm): Pad 2 [VHI] of Q1 on F.Cu
[unconnected_items]: Missing connection between items
    Local override; error
    @(89.5015 mm, 87.1141 mm): Pad C [VHI] of D4 on F.Cu
    @(86.4068 mm, 91.0079 mm): Pad 2 [VHI] of R3 on F.Cu
[unconnected_items]: Missing connection between items
    Local override; error
    @(94.3669 mm, 85.9174 mm): Pad 2 [VHI] of Q3 on F.Cu
    @(95.1145 mm, 87.8008 mm): Pad 1 [VHI] of U2 on F.Cu
[unconnected_items]: Missing connection between items
    Local override; error
    @(94.3669 mm, 85.9174 mm): Pad 2 [VHI] of Q3 on F.Cu
    @(89.5015 mm, 87.1141 mm): Pad C [VHI] of D4 on F.Cu
[unconnected_items]: Missing connection between items
    Local override; error
    @(97.4550 mm, 89.0217 mm): Pad 1 [VHI] of C1 on F.Cu
    @(95.1145 mm, 87.8008 mm): Pad 1 [VHI] of U2 on F.Cu
[unconnected_items]: Missing connection between items
    Local override; error
    @(80.5056 mm, 102.9971 mm): Pad 2 [GND] of Q2 on F.Cu
    @(85.1766 mm, 101.2018 mm): Pad 2 [GND] of C23 on F.Cu
[unconnected_items]: Missing connection between items
    Local override; error
    @(85.0714 mm, 108.1821 mm): Pad 2 [GND] of R17 on F.Cu
    @(88.5827 mm, 103.2250 mm): Pad 2 [GND] of C11 on F.Cu
[unconnected_items]: Missing connection between items
    Local override; error
    @(85.6131 mm, 98.0635 mm): Pad 2 [GND] of C24 on F.Cu
    @(85.1766 mm, 101.2018 mm): Pad 2 [GND] of C23 on F.Cu
[unconnected_items]: Missing connection between items
    Local override; error
    @(86.1382 mm, 95.2325 mm): Pad 1 [GND] of C3 on F.Cu
    @(87.4785 mm, 94.1565 mm): Pad 7 [GND] of IC4 on F.Cu
[unconnected_items]: Missing connection between items
    Local override; error
    @(86.1382 mm, 95.2325 mm): Pad 1 [GND] of C3 on F.Cu
    @(85.6131 mm, 98.0635 mm): Pad 2 [GND] of C24 on F.Cu
[unconnected_items]: Missing connection between items
    Local override; error
    @(87.4785 mm, 93.6565 mm): Pad 6 [GND] of IC4 on F.Cu
    @(87.4785 mm, 94.1565 mm): Pad 7 [GND] of IC4 on F.Cu
[unconnected_items]: Missing connection between items
    Local override; error
    @(88.1410 mm, 92.4940 mm): Pad 3 [GND] of IC4 on F.Cu
    @(87.4785 mm, 93.6565 mm): Pad 6 [GND] of IC4 on F.Cu
[unconnected_items]: Missing connection between items
    Local override; error
    @(88.5827 mm, 103.2250 mm): Pad 2 [GND] of C11 on F.Cu
    @(85.1766 mm, 101.2018 mm): Pad 2 [GND] of C23 on F.Cu
[unconnected_items]: Missing connection between items
    Local override; error
    @(88.6410 mm, 92.4940 mm): Pad 2 [GND] of IC4 on F.Cu
    @(88.1410 mm, 92.4940 mm): Pad 3 [GND] of IC4 on F.Cu
[unconnected_items]: Missing connection between items
    Local override; error
    @(89.1410 mm, 92.4940 mm): Pad 1 [GND] of IC4 on F.Cu
    @(88.6410 mm, 92.4940 mm): Pad 2 [GND] of IC4 on F.Cu
[unconnected_items]: Missing connection between items
    Local override; error
    @(90.8773 mm, 97.4042 mm): Pad 1 [GND] of C2 on F.Cu
    @(91.9966 mm, 94.9320 mm): Pad 2 [GND] of C14 on F.Cu
[unconnected_items]: Missing connection between items
    Local override; error
    @(91.2507 mm, 91.0625 mm): Pad 2 [GND] of C4 on F.Cu
    @(89.1410 mm, 92.4940 mm): Pad 1 [GND] of IC4 on F.Cu
[unconnected_items]: Missing connection between items
    Local override; error
    @(91.2507 mm, 91.0625 mm): Pad 2 [GND] of C4 on F.Cu
    @(87.4039 mm, 85.4857 mm): Pad C [GND] of L0 on F.Cu
[unconnected_items]: Missing connection between items
    Local override; error
    @(91.7520 mm, 112.7494 mm): Pad 2 [GND] of C27 on F.Cu
    @(93.3124 mm, 111.1515 mm): Pad 4 [GND] of U5 on F.Cu
[unconnected_items]: Missing connection between items
    Local override; error
    @(91.9966 mm, 94.9320 mm): Pad 2 [GND] of C14 on F.Cu
    @(93.2922 mm, 96.1523 mm): Pad 2 [GND] of C12 on F.Cu
[unconnected_items]: Missing connection between items
    Local override; error
    @(91.9966 mm, 94.9320 mm): Pad 2 [GND] of C14 on F.Cu
    @(93.5703 mm, 91.8337 mm): Pad 2 [GND] of C15 on F.Cu
[unconnected_items]: Missing connection between items
    Local override; error
    @(93.2922 mm, 96.1523 mm): Pad 2 [GND] of C12 on F.Cu
    @(95.5500 mm, 97.5000 mm): Pad 19 [GND] of IC1 on F.Cu
[unconnected_items]: Missing connection between items
    Local override; error
    @(93.3124 mm, 111.1515 mm): Pad 4 [GND] of U5 on F.Cu
    @(97.0592 mm, 107.9371 mm): Pad 2 [GND] of R8 on F.Cu
[unconnected_items]: Missing connection between items
    Local override; error
    @(93.5016 mm, 103.2526 mm): Pad 1 [GND] of C18 on F.Cu
    @(88.5827 mm, 103.2250 mm): Pad 2 [GND] of C11 on F.Cu
[unconnected_items]: Missing connection between items
    Local override; error
    @(93.5703 mm, 91.8337 mm): Pad 2 [GND] of C15 on F.Cu
    @(91.2507 mm, 91.0625 mm): Pad 2 [GND] of C4 on F.Cu
[unconnected_items]: Missing connection between items
    Local override; error
    @(94.3340 mm, 114.7972 mm): Pad 2 [GND] of C28 on F.Cu
    @(91.9026 mm, 116.9077 mm): Pad 2 [GND] of C26 on F.Cu
[unconnected_items]: Missing connection between items
    Local override; error
    @(94.3340 mm, 114.7972 mm): Pad 2 [GND] of C28 on F.Cu
    @(91.7520 mm, 112.7494 mm): Pad 2 [GND] of C27 on F.Cu
[unconnected_items]: Missing connection between items
    Local override; error
    @(95.6896 mm, 105.8999 mm): Pad 2 [GND] of R24 on F.Cu
    @(93.5016 mm, 103.2526 mm): Pad 1 [GND] of C18 on F.Cu
[unconnected_items]: Missing connection between items
    Local override; error
    @(96.8000 mm, 85.3900 mm): Pad B1A12 [GND] of X6 on F.Cu
    @(97.4550 mm, 87.1217 mm): Pad 2 [GND] of C1 on F.Cu
[unconnected_items]: Missing connection between items
    Local override; error
    @(97.0592 mm, 107.9371 mm): Pad 2 [GND] of R8 on F.Cu
    @(95.6896 mm, 105.8999 mm): Pad 2 [GND] of R24 on F.Cu
[unconnected_items]: Missing connection between items
    Local override; error
    @(97.0592 mm, 107.9371 mm): Pad 2 [GND] of R8 on F.Cu
    @(99.5665 mm, 106.7385 mm): Pad 2 [GND] of U3 on F.Cu
[unconnected_items]: Missing connection between items
    Local override; error
    @(97.4550 mm, 87.1217 mm): Pad 2 [GND] of C1 on F.Cu
    @(99.0582 mm, 88.7384 mm): Pad 1 [GND] of R4 on F.Cu
[unconnected_items]: Missing connection between items
    Local override; error
    @(97.4550 mm, 87.1217 mm): Pad 2 [GND] of C1 on F.Cu
    @(94.1645 mm, 87.8008 mm): Pad 2 [GND] of U2 on F.Cu
[unconnected_items]: Missing connection between items
    Local override; error
    @(99.0000 mm, 98.5000 mm): Pad P$1 [GND] of IC1 on F.Cu
    @(100.2000 mm, 95.2500 mm): Pad 1 [GND] of GAIN0 on B.Cu
[unconnected_items]: Missing connection between items
    Local override; error
    @(99.0000 mm, 98.5000 mm): Pad P$1 [GND] of IC1 on F.Cu
    @(95.5500 mm, 97.5000 mm): Pad 19 [GND] of IC1 on F.Cu
[unconnected_items]: Missing connection between items
    Local override; error
    @(99.0582 mm, 88.7384 mm): Pad 1 [GND] of R4 on F.Cu
    @(100.6708 mm, 88.9896 mm): Pad 2 [GND] of C5 on F.Cu
[unconnected_items]: Missing connection between items
    Local override; error
    @(99.4350 mm, 90.5038 mm): Pad 2 [GND] of C10 on F.Cu
    @(99.0582 mm, 88.7384 mm): Pad 1 [GND] of R4 on F.Cu
[unconnected_items]: Missing connection between items
    Local override; error
    @(99.8696 mm, 113.6834 mm): Pad 1 [GND] of X1 on F.Cu
    @(94.3340 mm, 114.7972 mm): Pad 2 [GND] of C28 on F.Cu
[unconnected_items]: Missing connection between items
    Local override; error
    @(100.2000 mm, 95.2500 mm): Pad 1 [GND] of GAIN0 on B.Cu
    @(102.5277 mm, 92.2034 mm): Pad 4 [GND] of U1 on F.Cu
[unconnected_items]: Missing connection between items
    Local override; error
    @(100.6708 mm, 88.9896 mm): Pad 2 [GND] of C5 on F.Cu
    @(103.2000 mm, 85.3900 mm): Pad A1B12 [GND] of X6 on F.Cu
[unconnected_items]: Missing connection between items
    Local override; error
    @(102.5277 mm, 92.2034 mm): Pad 4 [GND] of U1 on F.Cu
    @(99.4350 mm, 90.5038 mm): Pad 2 [GND] of C10 on F.Cu
[unconnected_items]: Missing connection between items
    Local override; error
    @(104.3777 mm, 91.0034 mm): Pad PAD [GND] of U1 on F.Cu
    @(102.5277 mm, 92.2034 mm): Pad 4 [GND] of U1 on F.Cu
[unconnected_items]: Missing connection between items
    Local override; error
    @(104.4884 mm, 105.5885 mm): Pad 2 [GND] of C20 on F.Cu
    @(106.2405 mm, 109.5493 mm): Pad 2 [GND] of C25 on F.Cu
[unconnected_items]: Missing connection between items
    Local override; error
    @(104.8481 mm, 100.0543 mm): Pad 2 [GND] of C13 on F.Cu
    @(104.9311 mm, 98.7412 mm): Pad 1 [GND] of C7 on F.Cu
[unconnected_items]: Missing connection between items
    Local override; error
    @(104.8481 mm, 100.0543 mm): Pad 2 [GND] of C13 on F.Cu
    @(103.7658 mm, 101.2544 mm): Pad 2 [GND] of C9 on F.Cu
[unconnected_items]: Missing connection between items
    Local override; error
    @(104.9311 mm, 98.7412 mm): Pad 1 [GND] of C7 on F.Cu
    @(106.0822 mm, 97.1829 mm): Pad 1 [GND] of C6 on F.Cu
[unconnected_items]: Missing connection between items
    Local override; error
    @(105.0696 mm, 111.2834 mm): Pad NC1 [GND] of X1 on F.Cu
    @(105.0696 mm, 118.0834 mm): Pad NC2 [GND] of X1 on F.Cu
[unconnected_items]: Missing connection between items
    Local override; error
    @(106.0000 mm, 105.0000 mm): Pad P$1 [GND] of TP8 on B.Cu
    @(104.4884 mm, 105.5885 mm): Pad 2 [GND] of C20 on F.Cu
[unconnected_items]: Missing connection between items
    Local override; error
    @(106.0822 mm, 97.1829 mm): Pad 1 [GND] of C6 on F.Cu
    @(109.2069 mm, 94.7596 mm): Pad 2 [GND] of C16 on F.Cu
[unconnected_items]: Missing connection between items
    Local override; error
    @(106.2405 mm, 109.5493 mm): Pad 2 [GND] of C25 on F.Cu
    @(105.0696 mm, 111.2834 mm): Pad NC1 [GND] of X1 on F.Cu
[unconnected_items]: Missing connection between items
    Local override; error
    @(106.2405 mm, 109.5493 mm): Pad 2 [GND] of C25 on F.Cu
    @(114.2091 mm, 110.2599 mm): Pad 2 [GND] of J2 on F.Cu
[unconnected_items]: Missing connection between items
    Local override; error
    @(107.0945 mm, 99.7195 mm): Pad 2 [GND] of C17 on F.Cu
    @(107.1857 mm, 98.4883 mm): Pad 2 [GND] of C8 on F.Cu
[unconnected_items]: Missing connection between items
    Local override; error
    @(107.1857 mm, 98.4883 mm): Pad 2 [GND] of C8 on F.Cu
    @(106.0822 mm, 97.1829 mm): Pad 1 [GND] of C6 on F.Cu
[unconnected_items]: Missing connection between items
    Local override; error
    @(107.7840 mm, 87.5428 mm): Pad 1 [GND] of R12 on F.Cu
    @(109.5886 mm, 91.4098 mm): Pad 2 [GND] of C19 on F.Cu
[unconnected_items]: Missing connection between items
    Local override; error
    @(107.7840 mm, 87.5428 mm): Pad 1 [GND] of R12 on F.Cu
    @(104.3777 mm, 91.0034 mm): Pad PAD [GND] of U1 on F.Cu
[unconnected_items]: Missing connection between items
    Local override; error
    @(108.3210 mm, 84.0398 mm): Pad 1 [GND] of R13 on F.Cu
    @(107.7840 mm, 87.5428 mm): Pad 1 [GND] of R12 on F.Cu
[unconnected_items]: Missing connection between items
    Local override; error
    @(108.3220 mm, 103.7943 mm): Pad 2 [GND] of Q4 on F.Cu
    @(106.0000 mm, 105.0000 mm): Pad P$1 [GND] of TP8 on B.Cu
[unconnected_items]: Missing connection between items
    Local override; error
    @(108.3220 mm, 103.7943 mm): Pad 2 [GND] of Q4 on F.Cu
    @(107.0945 mm, 99.7195 mm): Pad 2 [GND] of C17 on F.Cu
[unconnected_items]: Missing connection between items
    Local override; error
    @(109.2069 mm, 94.7596 mm): Pad 2 [GND] of C16 on F.Cu
    @(114.6940 mm, 94.3425 mm): Pad 15 [GND] of U4 on F.Cu
[unconnected_items]: Missing connection between items
    Local override; error
    @(109.5886 mm, 91.4098 mm): Pad 2 [GND] of C19 on F.Cu
    @(109.2069 mm, 94.7596 mm): Pad 2 [GND] of C16 on F.Cu
[unconnected_items]: Missing connection between items
    Local override; error
    @(115.9440 mm, 92.5925 mm): Pad 11 [GND] of U4 on F.Cu
    @(116.1940 mm, 94.0925 mm): Pad THERMAL [GND] of U4 on F.Cu
[unconnected_items]: Missing connection between items
    Local override; error
    @(116.1940 mm, 94.0925 mm): Pad THERMAL [GND] of U4 on F.Cu
    @(114.6940 mm, 94.3425 mm): Pad 15 [GND] of U4 on F.Cu
[unconnected_items]: Missing connection between items
    Local override; error
    @(116.4440 mm, 95.5925 mm): Pad 3 [GND] of U4 on F.Cu
    @(116.1940 mm, 94.0925 mm): Pad THERMAL [GND] of U4 on F.Cu
[unconnected_items]: Missing connection between items
    Local override; error
    @(118.7534 mm, 101.8871 mm): Pad 2 [GND] of C22 on F.Cu
    @(118.7791 mm, 99.7313 mm): Pad 2 [GND] of C21 on F.Cu
[unconnected_items]: Missing connection between items
    Local override; error
    @(118.7791 mm, 99.7313 mm): Pad 2 [GND] of C21 on F.Cu
    @(116.4440 mm, 95.5925 mm): Pad 3 [GND] of U4 on F.Cu
[unconnected_items]: Missing connection between items
    Local override; error
    @(90.8773 mm, 96.3882 mm): Pad 2 [Net-(IC1-XIN)] of C2 on F.Cu
    @(87.0890 mm, 97.7489 mm): Pad 3 [Net-(IC1-XIN)] of Y1 on F.Cu
[unconnected_items]: Missing connection between items
    Local override; error
    @(95.5500 mm, 97.9000 mm): Pad 20 [Net-(IC1-XIN)] of IC1 on F.Cu
    @(90.8773 mm, 96.3882 mm): Pad 2 [Net-(IC1-XIN)] of C2 on F.Cu
[unconnected_items]: Missing connection between items
    Local override; error
    @(88.3390 mm, 99.3989 mm): Pad 1 [Net-(C3-Pad2)] of Y1 on F.Cu
    @(88.7049 mm, 96.1974 mm): Pad 1 [Net-(C3-Pad2)] of R6 on F.Cu
[unconnected_items]: Missing connection between items
    Local override; error
    @(88.7049 mm, 96.1974 mm): Pad 1 [Net-(C3-Pad2)] of R6 on F.Cu
    @(86.1382 mm, 96.2485 mm): Pad 2 [Net-(C3-Pad2)] of C3 on F.Cu
[unconnected_items]: Missing connection between items
    Local override; error
    @(82.6100 mm, 96.4445 mm): Pad 1 [+3V3] of R14 on F.Cu
    @(85.6131 mm, 99.0795 mm): Pad 1 [+3V3] of C24 on F.Cu
[unconnected_items]: Missing connection between items
    Local override; error
    @(84.9012 mm, 93.8554 mm): Pad 1 [+3V3] of R15 on F.Cu
    @(87.4785 mm, 93.1565 mm): Pad 5 [+3V3] of IC4 on F.Cu
[unconnected_items]: Missing connection between items
    Local override; error
    @(84.9012 mm, 93.8554 mm): Pad 1 [+3V3] of R15 on F.Cu
    @(82.6100 mm, 96.4445 mm): Pad 1 [+3V3] of R14 on F.Cu
[unconnected_items]: Missing connection between items
    Local override; error
    @(85.1766 mm, 100.1858 mm): Pad 1 [+3V3] of C23 on F.Cu
    @(85.6131 mm, 99.0795 mm): Pad 1 [+3V3] of C24 on F.Cu
[unconnected_items]: Missing connection between items
    Local override; error
    @(85.1766 mm, 100.1858 mm): Pad 1 [+3V3] of C23 on F.Cu
    @(88.5827 mm, 104.2410 mm): Pad 1 [+3V3] of C11 on F.Cu
[unconnected_items]: Missing connection between items
    Local override; error
    @(87.6410 mm, 94.8190 mm): Pad 8 [+3V3] of IC4 on F.Cu
    @(87.4785 mm, 93.1565 mm): Pad 5 [+3V3] of IC4 on F.Cu
[unconnected_items]: Missing connection between items
    Local override; error
    @(89.3035 mm, 94.1565 mm): Pad 12 [+3V3] of IC4 on F.Cu
    @(87.6410 mm, 94.8190 mm): Pad 8 [+3V3] of IC4 on F.Cu
[unconnected_items]: Missing connection between items
    Local override; error
    @(89.3035 mm, 94.1565 mm): Pad 12 [+3V3] of IC4 on F.Cu
    @(93.0126 mm, 94.9320 mm): Pad 1 [+3V3] of C14 on F.Cu
[unconnected_items]: Missing connection between items
    Local override; error
    @(91.2507 mm, 89.1625 mm): Pad 1 [+3V3] of C4 on F.Cu
    @(95.1145 mm, 90.4010 mm): Pad 5 [+3V3] of U2 on F.Cu
[unconnected_items]: Missing connection between items
    Local override; error
    @(93.0126 mm, 94.9320 mm): Pad 1 [+3V3] of C14 on F.Cu
    @(94.3082 mm, 96.1523 mm): Pad 1 [+3V3] of C12 on F.Cu
[unconnected_items]: Missing connection between items
    Local override; error
    @(93.5703 mm, 92.8497 mm): Pad 1 [+3V3] of C15 on F.Cu
    @(94.2550 mm, 93.9659 mm): Pad 2 [+3V3] of R5 on F.Cu
[unconnected_items]: Missing connection between items
    Local override; error
    @(93.5703 mm, 92.8497 mm): Pad 1 [+3V3] of C15 on F.Cu
    @(95.1145 mm, 90.4010 mm): Pad 5 [+3V3] of U2 on F.Cu
[unconnected_items]: Missing connection between items
    Local override; error
    @(94.2550 mm, 93.9659 mm): Pad 2 [+3V3] of R5 on F.Cu
    @(93.0126 mm, 94.9320 mm): Pad 1 [+3V3] of C14 on F.Cu
[unconnected_items]: Missing connection between items
    Local override; error
    @(94.3082 mm, 96.1523 mm): Pad 1 [+3V3] of C12 on F.Cu
    @(95.5500 mm, 98.7000 mm): Pad 22 [+3V3] of IC1 on F.Cu
[unconnected_items]: Missing connection between items
    Local override; error
    @(95.4828 mm, 108.0244 mm): Pad 1 [+3V3] of R1 on F.Cu
    @(98.0000 mm, 101.9500 mm): Pad 33 [+3V3] of IC1 on F.Cu
[unconnected_items]: Missing connection between items
    Local override; error
    @(98.0000 mm, 95.0500 mm): Pad 10 [+3V3] of IC1 on F.Cu
    @(94.3082 mm, 96.1523 mm): Pad 1 [+3V3] of C12 on F.Cu
[unconnected_items]: Missing connection between items
    Local override; error
    @(100.4510 mm, 90.5038 mm): Pad 1 [+3V3] of C10 on F.Cu
    @(100.6708 mm, 87.0896 mm): Pad 1 [+3V3] of C5 on F.Cu
[unconnected_items]: Missing connection between items
    Local override; error
    @(100.4510 mm, 90.5038 mm): Pad 1 [+3V3] of C10 on F.Cu
    @(101.6000 mm, 95.0500 mm): Pad 1 [+3V3] of IC1 on F.Cu
[unconnected_items]: Missing connection between items
    Local override; error
    @(100.4510 mm, 90.5038 mm): Pad 1 [+3V3] of C10 on F.Cu
    @(106.2277 mm, 89.8034 mm): Pad 8 [+3V3] of U1 on F.Cu
[unconnected_items]: Missing connection between items
    Local override; error
    @(101.6000 mm, 95.0500 mm): Pad 1 [+3V3] of IC1 on F.Cu
    @(98.0000 mm, 95.0500 mm): Pad 10 [+3V3] of IC1 on F.Cu
[unconnected_items]: Missing connection between items
    Local override; error
    @(101.6000 mm, 101.9500 mm): Pad 42 [+3V3] of IC1 on F.Cu
    @(98.0000 mm, 101.9500 mm): Pad 33 [+3V3] of IC1 on F.Cu
[unconnected_items]: Missing connection between items
    Local override; error
    @(101.6000 mm, 101.9500 mm): Pad 42 [+3V3] of IC1 on F.Cu
    @(102.8647 mm, 106.3870 mm): Pad 1 [+3V3] of R21 on F.Cu
[unconnected_items]: Missing connection between items
    Local override; error
    @(102.4500 mm, 98.7000 mm): Pad 49 [+3V3] of IC1 on F.Cu
    @(101.6000 mm, 95.0500 mm): Pad 1 [+3V3] of IC1 on F.Cu
[unconnected_items]: Missing connection between items
    Local override; error
    @(102.4500 mm, 99.1000 mm): Pad 48 [+3V3] of IC1 on F.Cu
    @(102.4500 mm, 98.7000 mm): Pad 49 [+3V3] of IC1 on F.Cu
[unconnected_items]: Missing connection between items
    Local override; error
    @(102.4500 mm, 99.1000 mm): Pad 48 [+3V3] of IC1 on F.Cu
    @(102.4500 mm, 100.7000 mm): Pad 44 [+3V3] of IC1 on F.Cu
[unconnected_items]: Missing connection between items
    Local override; error
    @(102.4500 mm, 101.1000 mm): Pad 43 [+3V3] of IC1 on F.Cu
    @(102.4500 mm, 100.7000 mm): Pad 44 [+3V3] of IC1 on F.Cu
[unconnected_items]: Missing connection between items
    Local override; error
    @(102.4500 mm, 101.1000 mm): Pad 43 [+3V3] of IC1 on F.Cu
    @(101.6000 mm, 101.9500 mm): Pad 42 [+3V3] of IC1 on F.Cu
[unconnected_items]: Missing connection between items
    Local override; error
    @(103.8321 mm, 100.0543 mm): Pad 1 [+3V3] of C13 on F.Cu
    @(102.4500 mm, 100.7000 mm): Pad 44 [+3V3] of IC1 on F.Cu
[unconnected_items]: Missing connection between items
    Local override; error
    @(104.7818 mm, 101.2544 mm): Pad 1 [+3V3] of C9 on F.Cu
    @(103.8321 mm, 100.0543 mm): Pad 1 [+3V3] of C13 on F.Cu
[unconnected_items]: Missing connection between items
    Local override; error
    @(104.7818 mm, 101.2544 mm): Pad 1 [+3V3] of C9 on F.Cu
    @(106.0785 mm, 99.7195 mm): Pad 1 [+3V3] of C17 on F.Cu
[unconnected_items]: Missing connection between items
    Local override; error
    @(106.0785 mm, 99.7195 mm): Pad 1 [+3V3] of C17 on F.Cu
    @(109.7059 mm, 98.4839 mm): Pad 1 [+3V3] of R20 on F.Cu
[unconnected_items]: Missing connection between items
    Local override; error
    @(110.5000 mm, 105.0000 mm): Pad P$1 [+3V3] of TP9 on B.Cu
    @(109.7059 mm, 98.4839 mm): Pad 1 [+3V3] of R20 on F.Cu
[unconnected_items]: Missing connection between items
    Local override; error
    @(95.5500 mm, 99.1000 mm): Pad 23 [VCORE] of IC1 on F.Cu
    @(94.5176 mm, 103.2526 mm): Pad 2 [VCORE] of C18 on F.Cu
[unconnected_items]: Missing connection between items
    Local override; error
    @(102.4500 mm, 98.3000 mm): Pad 50 [VCORE] of IC1 on F.Cu
    @(102.4500 mm, 100.3000 mm): Pad 45 [VCORE] of IC1 on F.Cu
[unconnected_items]: Missing connection between items
    Local override; error
    @(102.4500 mm, 98.3000 mm): Pad 50 [VCORE] of IC1 on F.Cu
    @(95.5500 mm, 99.1000 mm): Pad 23 [VCORE] of IC1 on F.Cu
[unconnected_items]: Missing connection between items
    Local override; error
    @(103.9151 mm, 98.7412 mm): Pad 2 [VCORE] of C7 on F.Cu
    @(102.4500 mm, 98.3000 mm): Pad 50 [VCORE] of IC1 on F.Cu
[unconnected_items]: Missing connection between items
    Local override; error
    @(103.9151 mm, 98.7412 mm): Pad 2 [VCORE] of C7 on F.Cu
    @(105.0662 mm, 97.1829 mm): Pad 2 [VCORE] of C6 on F.Cu
[unconnected_items]: Missing connection between items
    Local override; error
    @(106.1697 mm, 98.4883 mm): Pad 1 [VCORE] of C8 on F.Cu
    @(105.0662 mm, 97.1829 mm): Pad 2 [VCORE] of C6 on F.Cu
[unconnected_items]: Missing connection between items
    Local override; error
    @(93.6520 mm, 112.7494 mm): Pad 1 [VAMP] of C27 on F.Cu
    @(92.8452 mm, 115.3245 mm): Pad 1 [VAMP] of R23 on F.Cu
[unconnected_items]: Missing connection between items
    Local override; error
    @(93.6520 mm, 112.7494 mm): Pad 1 [VAMP] of C27 on F.Cu
    @(96.2340 mm, 114.7972 mm): Pad 1 [VAMP] of C28 on F.Cu
[unconnected_items]: Missing connection between items
    Local override; error
    @(94.3124 mm, 111.1515 mm): Pad 6 [VAMP] of U5 on F.Cu
    @(93.6520 mm, 112.7494 mm): Pad 1 [VAMP] of C27 on F.Cu
[unconnected_items]: Missing connection between items
    Local override; error
    @(96.2340 mm, 114.7972 mm): Pad 1 [VAMP] of C28 on F.Cu
    @(102.0839 mm, 109.5861 mm): Pad 1 [VAMP] of C29 on F.Cu
[unconnected_items]: Missing connection between items
    Local override; error
    @(102.0839 mm, 109.5861 mm): Pad 1 [VAMP] of C29 on F.Cu
    @(102.8000 mm, 95.2500 mm): Pad 3 [VAMP] of GAIN0 on B.Cu
[unconnected_items]: Missing connection between items
    Local override; error
    @(106.0000 mm, 95.0000 mm): Pad P$1 [VAMP] of TP10 on B.Cu
    @(102.8000 mm, 95.2500 mm): Pad 3 [VAMP] of GAIN0 on B.Cu
[unconnected_items]: Missing connection between items
    Local override; error
    @(106.0000 mm, 95.0000 mm): Pad P$1 [VAMP] of TP10 on B.Cu
    @(110.2229 mm, 94.7596 mm): Pad 1 [VAMP] of C16 on F.Cu
[unconnected_items]: Missing connection between items
    Local override; error
    @(111.4886 mm, 91.4098 mm): Pad 1 [VAMP] of C19 on F.Cu
    @(110.2229 mm, 94.7596 mm): Pad 1 [VAMP] of C16 on F.Cu
[unconnected_items]: Missing connection between items
    Local override; error
    @(114.5041 mm, 90.9391 mm): Pad 2 [VAMP] of R18 on F.Cu
    @(111.4886 mm, 91.4098 mm): Pad 1 [VAMP] of C19 on F.Cu
[unconnected_items]: Missing connection between items
    Local override; error
    @(117.6940 mm, 93.3425 mm): Pad 8 [VAMP] of U4 on F.Cu
    @(114.5041 mm, 90.9391 mm): Pad 2 [VAMP] of R18 on F.Cu
[unconnected_items]: Missing connection between items
    Local override; error
    @(117.6940 mm, 93.8425 mm): Pad 7 [VAMP] of U4 on F.Cu
    @(117.6940 mm, 93.3425 mm): Pad 8 [VAMP] of U4 on F.Cu
[unconnected_items]: Missing connection between items
    Local override; error
    @(93.8669 mm, 84.9674 mm): Pad 3 [VBAT] of Q3 on F.Cu
    @(88.6500 mm, 95.0000 mm): Pad 2 [VBAT] of CHG_EN0 on B.Cu
[unconnected_items]: Missing connection between items
    Local override; error
    @(99.8696 mm, 115.6834 mm): Pad 2 [VBAT] of X1 on F.Cu
    @(104.4884 mm, 107.4885 mm): Pad 1 [VBAT] of C20 on F.Cu
[unconnected_items]: Missing connection between items
    Local override; error
    @(104.4884 mm, 107.4885 mm): Pad 1 [VBAT] of C20 on F.Cu
    @(110.5000 mm, 95.0000 mm): Pad P$1 [VBAT] of TP11 on B.Cu
[unconnected_items]: Missing connection between items
    Local override; error
    @(110.5000 mm, 95.0000 mm): Pad P$1 [VBAT] of TP11 on B.Cu
    @(93.8669 mm, 84.9674 mm): Pad 3 [VBAT] of Q3 on F.Cu
[unconnected_items]: Missing connection between items
    Local override; error
    @(117.3404 mm, 98.3246 mm): Pad 2 [VO-] of FB2 on F.Cu
    @(114.4131 mm, 100.1075 mm): Pad 2 [VO-] of J1 on F.Cu
[unconnected_items]: Missing connection between items
    Local override; error
    @(118.7791 mm, 98.7153 mm): Pad 1 [VO-] of C21 on F.Cu
    @(117.3404 mm, 98.3246 mm): Pad 2 [VO-] of FB2 on F.Cu
[unconnected_items]: Missing connection between items
    Local override; error
    @(112.9131 mm, 100.1075 mm): Pad 1 [VO+] of J1 on F.Cu
    @(118.7534 mm, 100.8711 mm): Pad 1 [VO+] of C22 on F.Cu
[unconnected_items]: Missing connection between items
    Local override; error
    @(113.2936 mm, 94.3989 mm): Pad 2 [VO+] of FB1 on F.Cu
    @(112.9131 mm, 100.1075 mm): Pad 1 [VO+] of J1 on F.Cu
[unconnected_items]: Missing connection between items
    Local override; error
    @(96.8000 mm, 101.9500 mm): Pad 30 [BUTTON] of IC1 on F.Cu
    @(102.8647 mm, 107.4030 mm): Pad 2 [BUTTON] of R21 on F.Cu
[unconnected_items]: Missing connection between items
    Local override; error
    @(102.8647 mm, 107.4030 mm): Pad 2 [BUTTON] of R21 on F.Cu
    @(105.2245 mm, 109.5493 mm): Pad 1 [BUTTON] of C25 on F.Cu
[unconnected_items]: Missing connection between items
    Local override; error
    @(105.2245 mm, 109.5493 mm): Pad 1 [BUTTON] of C25 on F.Cu
    @(107.6257 mm, 110.6163 mm): Pad 1 [BUTTON] of R22 on F.Cu
[unconnected_items]: Missing connection between items
    Local override; error
    @(89.4144 mm, 107.0383 mm): Pad P$1 [V+] of L1 on F.Cu
    @(93.3124 mm, 109.8815 mm): Pad 3 [V+] of U5 on F.Cu
[unconnected_items]: Missing connection between items
    Local override; error
    @(90.0026 mm, 116.9077 mm): Pad 1 [V+] of C26 on F.Cu
    @(93.3124 mm, 109.8815 mm): Pad 3 [V+] of U5 on F.Cu
[unconnected_items]: Missing connection between items
    Local override; error
    @(90.0668 mm, 101.8681 mm): Pad 3 [V+] of Q1 on F.Cu
    @(89.4144 mm, 107.0383 mm): Pad P$1 [V+] of L1 on F.Cu
[unconnected_items]: Missing connection between items
    Local override; error
    @(94.3124 mm, 109.8815 mm): Pad 1 [BOOST_FB] of U5 on F.Cu
    @(92.8452 mm, 114.3085 mm): Pad 2 [BOOST_FB] of R23 on F.Cu
[unconnected_items]: Missing connection between items
    Local override; error
    @(95.6896 mm, 106.9159 mm): Pad 1 [BOOST_FB] of R24 on F.Cu
    @(94.3124 mm, 109.8815 mm): Pad 1 [BOOST_FB] of U5 on F.Cu
[unconnected_items]: Missing connection between items
    Local override; error
    @(102.0839 mm, 108.5701 mm): Pad 2 [BOOST_FB] of C29 on F.Cu
    @(95.6896 mm, 106.9159 mm): Pad 1 [BOOST_FB] of R24 on F.Cu
[unconnected_items]: Missing connection between items
    Local override; error
    @(93.3669 mm, 85.9174 mm): Pad 1 [VBUS] of Q3 on F.Cu
    @(91.5015 mm, 87.1141 mm): Pad A [VBUS] of D4 on F.Cu
[unconnected_items]: Missing connection between items
    Local override; error
    @(97.6000 mm, 85.3900 mm): Pad B4A9 [VBUS] of X6 on F.Cu
    @(99.0582 mm, 87.7224 mm): Pad 2 [VBUS] of R4 on F.Cu
[unconnected_items]: Missing connection between items
    Local override; error
    @(97.6000 mm, 85.3900 mm): Pad B4A9 [VBUS] of X6 on F.Cu
    @(93.3669 mm, 85.9174 mm): Pad 1 [VBUS] of Q3 on F.Cu
[unconnected_items]: Missing connection between items
    Local override; error
    @(98.6165 mm, 109.3387 mm): Pad 4 [VBUS] of U3 on F.Cu
    @(109.7674 mm, 115.3480 mm): Pad A [VBUS] of CHG0 on F.Cu
[unconnected_items]: Missing connection between items
    Local override; error
    @(99.0582 mm, 87.7224 mm): Pad 2 [VBUS] of R4 on F.Cu
    @(98.6165 mm, 109.3387 mm): Pad 4 [VBUS] of U3 on F.Cu
[unconnected_items]: Missing connection between items
    Local override; error
    @(102.4000 mm, 85.3900 mm): Pad A4B9 [VBUS] of X6 on F.Cu
    @(99.0582 mm, 87.7224 mm): Pad 2 [VBUS] of R4 on F.Cu
[unconnected_items]: Missing connection between items
    Local override; error
    @(109.7674 mm, 113.8480 mm): Pad C [Net-(CHG0-PadC)] of CHG0 on F.Cu
    @(112.1208 mm, 113.3201 mm): Pad 1 [Net-(CHG0-PadC)] of R2 on F.Cu
[unconnected_items]: Missing connection between items
    Local override; error
    @(87.3500 mm, 95.0000 mm): Pad 1 [Net-(U3-VBAT)] of CHG_EN0 on B.Cu
    @(98.6165 mm, 106.7385 mm): Pad 3 [Net-(U3-VBAT)] of U3 on F.Cu
[unconnected_items]: Missing connection between items
    Local override; error
    @(99.2500 mm, 85.3900 mm): Pad B6 [USB_D+] of X6 on F.Cu
    @(92.5000 mm, 95.0000 mm): Pad TP [USB_D+] of D+1 on B.Cu
[unconnected_items]: Missing connection between items
    Local override; error
    @(100.2500 mm, 85.3900 mm): Pad A6 [USB_D+] of X6 on F.Cu
    @(99.2500 mm, 85.3900 mm): Pad B6 [USB_D+] of X6 on F.Cu
[unconnected_items]: Missing connection between items
    Local override; error
    @(106.2636 mm, 86.5785 mm): Pad 1 [USB_D+] of R10 on F.Cu
    @(100.2500 mm, 85.3900 mm): Pad A6 [USB_D+] of X6 on F.Cu
[unconnected_items]: Missing connection between items
    Local override; error
    @(99.7500 mm, 85.3900 mm): Pad A7 [USB_D-] of X6 on F.Cu
    @(97.0000 mm, 95.0000 mm): Pad TP [USB_D-] of D-1 on B.Cu
[unconnected_items]: Missing connection between items
    Local override; error
    @(100.7500 mm, 85.3900 mm): Pad B7 [USB_D-] of X6 on F.Cu
    @(99.7500 mm, 85.3900 mm): Pad A7 [USB_D-] of X6 on F.Cu
[unconnected_items]: Missing connection between items
    Local override; error
    @(100.7500 mm, 85.3900 mm): Pad B7 [USB_D-] of X6 on F.Cu
    @(105.8205 mm, 84.4072 mm): Pad 1 [USB_D-] of R9 on F.Cu
[unconnected_items]: Missing connection between items
    Local override; error
    @(93.9129 mm, 104.6660 mm): Pad A [Net-(D3-PadA)] of D3 on F.Cu
    @(96.9246 mm, 104.2037 mm): Pad 2 [Net-(D3-PadA)] of R11 on F.Cu
[unconnected_items]: Missing connection between items
    Local override; error
    @(98.4000 mm, 95.0500 mm): Pad 9 [USBBOOT] of IC1 on F.Cu
    @(93.9129 mm, 106.8060 mm): Pad C [USBBOOT] of D3 on F.Cu
[unconnected_items]: Missing connection between items
    Local override; error
    @(110.5000 mm, 100.0000 mm): Pad P$1 [USBBOOT] of TP3 on B.Cu
    @(98.4000 mm, 95.0500 mm): Pad 9 [USBBOOT] of IC1 on F.Cu
[unconnected_items]: Missing connection between items
    Local override; error
    @(113.2936 mm, 96.0989 mm): Pad 1 [Net-(FB1-P$1)] of FB1 on F.Cu
    @(116.9440 mm, 92.5925 mm): Pad 9 [Net-(FB1-P$1)] of U4 on F.Cu
[unconnected_items]: Missing connection between items
    Local override; error
    @(115.6404 mm, 98.3246 mm): Pad 1 [Net-(FB2-P$1)] of FB2 on F.Cu
    @(116.4440 mm, 92.5925 mm): Pad 10 [Net-(FB2-P$1)] of U4 on F.Cu
[unconnected_items]: Missing connection between items
    Local override; error
    @(101.5000 mm, 95.2500 mm): Pad 2 [GAIN] of GAIN0 on B.Cu
    @(115.9440 mm, 95.5925 mm): Pad 2 [GAIN] of U4 on F.Cu
[unconnected_items]: Missing connection between items
    Local override; error
    @(89.3035 mm, 93.1565 mm): Pad 14 [SDA] of IC4 on F.Cu
    @(84.9012 mm, 92.8394 mm): Pad 2 [SDA] of R15 on F.Cu
[unconnected_items]: Missing connection between items
    Local override; error
    @(100.4000 mm, 95.0500 mm): Pad 4 [SDA] of IC1 on F.Cu
    @(89.3035 mm, 93.1565 mm): Pad 14 [SDA] of IC4 on F.Cu
[unconnected_items]: Missing connection between items
    Local override; error
    @(89.3035 mm, 93.6565 mm): Pad 13 [SCL] of IC4 on F.Cu
    @(82.6100 mm, 95.4285 mm): Pad 2 [SCL] of R14 on F.Cu
[unconnected_items]: Missing connection between items
    Local override; error
    @(100.0000 mm, 95.0500 mm): Pad 5 [SCL] of IC1 on F.Cu
    @(89.3035 mm, 93.6565 mm): Pad 13 [SCL] of IC4 on F.Cu
[unconnected_items]: Missing connection between items
    Local override; error
    @(83.6879 mm, 92.5291 mm): Pad 1 [D13] of R7 on F.Cu
    @(95.5500 mm, 96.3000 mm): Pad 16 [D13] of IC1 on F.Cu
[unconnected_items]: Missing connection between items
    Local override; error
    @(89.7209 mm, 96.1974 mm): Pad 2 [Net-(IC1-XOUT)] of R6 on F.Cu
    @(95.5500 mm, 98.3000 mm): Pad 21 [Net-(IC1-XOUT)] of IC1 on F.Cu
[unconnected_items]: Missing connection between items
    Local override; error
    @(88.0000 mm, 105.0000 mm): Pad P$1 [SWCLK] of TP4 on B.Cu
    @(95.5500 mm, 99.5000 mm): Pad 24 [SWCLK] of IC1 on F.Cu
[unconnected_items]: Missing connection between items
    Local override; error
    @(92.5000 mm, 105.0000 mm): Pad P$1 [SWDIO] of TP5 on B.Cu
    @(95.5500 mm, 99.9000 mm): Pad 25 [SWDIO] of IC1 on F.Cu
[unconnected_items]: Missing connection between items
    Local override; error
    @(95.4828 mm, 109.0404 mm): Pad 2 [~{RESET}] of R1 on F.Cu
    @(101.5000 mm, 105.0000 mm): Pad P$1 [~{RESET}] of TP7 on B.Cu
[unconnected_items]: Missing connection between items
    Local override; error
    @(101.5000 mm, 105.0000 mm): Pad P$1 [~{RESET}] of TP7 on B.Cu
    @(95.5500 mm, 100.3000 mm): Pad 26 [~{RESET}] of IC1 on F.Cu
[unconnected_items]: Missing connection between items
    Local override; error
    @(88.0000 mm, 100.0000 mm): Pad P$1 [I2S_DIN] of TP12 on B.Cu
    @(95.5500 mm, 100.7000 mm): Pad 27 [I2S_DIN] of IC1 on F.Cu
[unconnected_items]: Missing connection between items
    Local override; error
    @(95.5500 mm, 100.7000 mm): Pad 27 [I2S_DIN] of IC1 on F.Cu
    @(115.4440 mm, 95.5925 mm): Pad 1 [I2S_DIN] of U4 on F.Cu
[unconnected_items]: Missing connection between items
    Local override; error
    @(92.5000 mm, 100.0000 mm): Pad P$1 [I2S_BCLK] of TP13 on B.Cu
    @(95.5500 mm, 101.1000 mm): Pad 28 [I2S_BCLK] of IC1 on F.Cu
[unconnected_items]: Missing connection between items
    Local override; error
    @(95.5500 mm, 101.1000 mm): Pad 28 [I2S_BCLK] of IC1 on F.Cu
    @(114.6940 mm, 94.8425 mm): Pad 16 [I2S_BCLK] of U4 on F.Cu
[unconnected_items]: Missing connection between items
    Local override; error
    @(97.0000 mm, 100.0000 mm): Pad P$1 [I2S_LRCLK] of TP14 on B.Cu
    @(96.4000 mm, 101.9500 mm): Pad 29 [I2S_LRCLK] of IC1 on F.Cu
[unconnected_items]: Missing connection between items
    Local override; error
    @(114.6940 mm, 93.8425 mm): Pad 14 [I2S_LRCLK] of U4 on F.Cu
    @(97.0000 mm, 100.0000 mm): Pad P$1 [I2S_LRCLK] of TP14 on B.Cu
[unconnected_items]: Missing connection between items
    Local override; error
    @(101.5000 mm, 100.0000 mm): Pad P$1 [AMP_MUTE] of TP15 on B.Cu
    @(97.2000 mm, 101.9500 mm): Pad 31 [AMP_MUTE] of IC1 on F.Cu
[unconnected_items]: Missing connection between items
    Local override; error
    @(106.4220 mm, 103.7943 mm): Pad 1 [AMP_MUTE] of Q4 on F.Cu
    @(101.5000 mm, 100.0000 mm): Pad P$1 [AMP_MUTE] of TP15 on B.Cu
[unconnected_items]: Missing connection between items
    Local override; error
    @(106.4220 mm, 103.7943 mm): Pad 1 [AMP_MUTE] of Q4 on F.Cu
    @(110.7219 mm, 98.4839 mm): Pad 2 [AMP_MUTE] of R20 on F.Cu
[unconnected_items]: Missing connection between items
    Local override; error
    @(87.6410 mm, 92.4940 mm): Pad 4 [INT] of IC4 on F.Cu
    @(98.4000 mm, 101.9500 mm): Pad 34 [INT] of IC1 on F.Cu
[unconnected_items]: Missing connection between items
    Local override; error
    @(80.5056 mm, 101.0971 mm): Pad 1 [POWER] of Q2 on F.Cu
    @(85.0714 mm, 109.1981 mm): Pad 1 [POWER] of R17 on F.Cu
[unconnected_items]: Missing connection between items
    Local override; error
    @(85.0714 mm, 109.1981 mm): Pad 1 [POWER] of R17 on F.Cu
    @(93.8124 mm, 109.8815 mm): Pad 2 [POWER] of U5 on F.Cu
[unconnected_items]: Missing connection between items
    Local override; error
    @(93.8124 mm, 109.8815 mm): Pad 2 [POWER] of U5 on F.Cu
    @(98.8000 mm, 101.9500 mm): Pad 35 [POWER] of IC1 on F.Cu
[unconnected_items]: Missing connection between items
    Local override; error
    @(106.0000 mm, 100.0000 mm): Pad P$1 [POWER] of TP16 on B.Cu
    @(98.8000 mm, 101.9500 mm): Pad 35 [POWER] of IC1 on F.Cu
[unconnected_items]: Missing connection between items
    Local override; error
    @(102.4500 mm, 99.9000 mm): Pad 46 [D-] of IC1 on F.Cu
    @(106.8365 mm, 84.4072 mm): Pad 2 [D-] of R9 on F.Cu
[unconnected_items]: Missing connection between items
    Local override; error
    @(102.4500 mm, 99.5000 mm): Pad 47 [D+] of IC1 on F.Cu
    @(106.2636 mm, 85.5625 mm): Pad 2 [D+] of R10 on F.Cu
[unconnected_items]: Missing connection between items
    Local override; error
    @(102.4500 mm, 97.9000 mm): Pad 51 [QSPI_DATA[3]] of IC1 on F.Cu
    @(106.2277 mm, 90.6034 mm): Pad 7 [QSPI_DATA[3]] of U1 on F.Cu
[unconnected_items]: Missing connection between items
    Local override; error
    @(102.4500 mm, 97.5000 mm): Pad 52 [QSPI_SCK] of IC1 on F.Cu
    @(106.2277 mm, 91.4034 mm): Pad 6 [QSPI_SCK] of U1 on F.Cu
[unconnected_items]: Missing connection between items
    Local override; error
    @(102.4500 mm, 97.1000 mm): Pad 53 [QSPI_DATA[0]] of IC1 on F.Cu
    @(106.2277 mm, 92.2034 mm): Pad 5 [QSPI_DATA[0]] of U1 on F.Cu
[unconnected_items]: Missing connection between items
    Local override; error
    @(102.4500 mm, 96.7000 mm): Pad 54 [QSPI_DATA[2]] of IC1 on F.Cu
    @(102.5277 mm, 91.4034 mm): Pad 3 [QSPI_DATA[2]] of U1 on F.Cu
[unconnected_items]: Missing connection between items
    Local override; error
    @(102.4500 mm, 96.3000 mm): Pad 55 [QSPI_DATA[1]] of IC1 on F.Cu
    @(102.5277 mm, 90.6034 mm): Pad 2 [QSPI_DATA[1]] of U1 on F.Cu
[unconnected_items]: Missing connection between items
    Local override; error
    @(94.2550 mm, 94.9819 mm): Pad 1 [QSPI_CS] of R5 on F.Cu
    @(102.4500 mm, 95.9000 mm): Pad 56 [QSPI_CS] of IC1 on F.Cu
[unconnected_items]: Missing connection between items
    Local override; error
    @(94.2550 mm, 94.9819 mm): Pad 1 [QSPI_CS] of R5 on F.Cu
    @(96.9246 mm, 105.2197 mm): Pad 1 [QSPI_CS] of R11 on F.Cu
[unconnected_items]: Missing connection between items
    Local override; error
    @(102.4500 mm, 95.9000 mm): Pad 56 [QSPI_CS] of IC1 on F.Cu
    @(102.5277 mm, 89.8034 mm): Pad 1 [QSPI_CS] of U1 on F.Cu
[unconnected_items]: Missing connection between items
    Local override; error
    @(88.1410 mm, 94.8190 mm): Pad 9 [/IMU_INT2] of IC4 on F.Cu
    @(97.0000 mm, 105.0000 mm): Pad P$1 [/IMU_INT2] of TP6 on B.Cu
[unconnected_items]: Missing connection between items
    Local override; error
    @(107.6257 mm, 109.6003 mm): Pad 2 [BUTTON_EXT] of R22 on F.Cu
    @(114.2091 mm, 109.2599 mm): Pad 1 [BUTTON_EXT] of J2 on F.Cu
[unconnected_items]: Missing connection between items
    Local override; error
    @(83.6879 mm, 93.5451 mm): Pad 2 [Net-(L0-PadA)] of R7 on F.Cu
    @(88.9039 mm, 85.4857 mm): Pad A [Net-(L0-PadA)] of L0 on F.Cu
[unconnected_items]: Missing connection between items
    Local override; error
    @(89.4144 mm, 110.2383 mm): Pad P$2 [BOOST_SW] of L1 on F.Cu
    @(93.8124 mm, 111.1515 mm): Pad 5 [BOOST_SW] of U5 on F.Cu
[unconnected_items]: Missing connection between items
    Local override; error
    @(82.5056 mm, 102.0471 mm): Pad 3 [~{ENABLE}] of Q2 on F.Cu
    @(83.9602 mm, 103.4648 mm): Pad 1 [~{ENABLE}] of R16 on F.Cu
[unconnected_items]: Missing connection between items
    Local override; error
    @(83.9602 mm, 103.4648 mm): Pad 1 [~{ENABLE}] of R16 on F.Cu
    @(92.0668 mm, 102.8181 mm): Pad 1 [~{ENABLE}] of Q1 on F.Cu
[unconnected_items]: Missing connection between items
    Local override; error
    @(107.3720 mm, 101.9193 mm): Pad 3 [I2S_MOD] of Q4 on F.Cu
    @(116.9440 mm, 95.5925 mm): Pad 4 [I2S_MOD] of U4 on F.Cu
[unconnected_items]: Missing connection between items
    Local override; error
    @(116.9440 mm, 95.5925 mm): Pad 4 [I2S_MOD] of U4 on F.Cu
    @(114.5041 mm, 89.9231 mm): Pad 1 [I2S_MOD] of R18 on F.Cu
[unconnected_items]: Missing connection between items
    Local override; error
    @(100.5165 mm, 106.7385 mm): Pad 1 [Net-(U3-STAT)] of U3 on F.Cu
    @(113.1368 mm, 113.3201 mm): Pad 2 [Net-(U3-STAT)] of R2 on F.Cu
[unconnected_items]: Missing connection between items
    Local override; error
    @(85.3908 mm, 91.0079 mm): Pad 1 [EN] of R3 on F.Cu
    @(93.2145 mm, 87.8008 mm): Pad 3 [EN] of U2 on F.Cu
[unconnected_items]: Missing connection between items
    Local override; error
    @(97.0592 mm, 106.9211 mm): Pad 1 [Net-(U3-PROG)] of R8 on F.Cu
    @(100.5165 mm, 109.3387 mm): Pad 5 [Net-(U3-PROG)] of U3 on F.Cu
[unconnected_items]: Missing connection between items
    Local override; error
    @(98.2500 mm, 85.3900 mm): Pad B5 [CC2] of X6 on F.Cu
    @(107.7840 mm, 86.5268 mm): Pad 2 [CC2] of R12 on F.Cu
[unconnected_items]: Missing connection between items
    Local override; error
    @(101.2500 mm, 85.3900 mm): Pad A5 [CC1] of X6 on F.Cu
    @(108.3210 mm, 85.0558 mm): Pad 2 [CC1] of R13 on F.Cu

** Found 0 Footprint errors **

** Ignored checks **
    - Footprint has no courtyard defined
    - Track endpoint not centered on via
    - Tuning profile track geometries
    - Footprint doesn't match symbol's footprint filters
    - Footprint component type doesn't match footprint pads

** End of Report **
